03-Jun-2026 09:49:18.905 INFO [main] org.apache.catalina.startup.VersionLoggerListener.log Server version name:   Apache Tomcat/9.0.118
03-Jun-2026 09:49:18.905 INFO [main] org.apache.catalina.startup.VersionLoggerListener.log Server built:          May 1 2026 19:30:30 UTC
03-Jun-2026 09:49:18.905 INFO [main] org.apache.catalina.startup.VersionLoggerListener.log Server version number: 9.0.118.0
03-Jun-2026 09:49:18.905 INFO [main] org.apache.catalina.startup.VersionLoggerListener.log OS Name:               Windows 10
03-Jun-2026 09:49:18.905 INFO [main] org.apache.catalina.startup.VersionLoggerListener.log OS Version:            10.0
03-Jun-2026 09:49:18.905 INFO [main] org.apache.catalina.startup.VersionLoggerListener.log Architecture:          amd64
03-Jun-2026 09:49:18.905 INFO [main] org.apache.catalina.startup.VersionLoggerListener.log Java Home:             C:\Program Files\Java\jdk1.8.0_202\jre
03-Jun-2026 09:49:18.905 INFO [main] org.apache.catalina.startup.VersionLoggerListener.log JVM Version:           1.8.0_202-b08
03-Jun-2026 09:49:18.905 INFO [main] org.apache.catalina.startup.VersionLoggerListener.log JVM Vendor:            Oracle Corporation
03-Jun-2026 09:49:18.905 INFO [main] org.apache.catalina.startup.VersionLoggerListener.log CATALINA_BASE:         D:\evan\yen\hardening_tomcat9\apache-tomcat-9.0.118
03-Jun-2026 09:49:18.905 INFO [main] org.apache.catalina.startup.VersionLoggerListener.log CATALINA_HOME:         D:\evan\yen\hardening_tomcat9\apache-tomcat-9.0.118
03-Jun-2026 09:49:18.905 INFO [main] org.apache.catalina.startup.VersionLoggerListener.log Command line argument: -Djava.util.logging.config.file=D:\evan\yen\hardening_tomcat9\apache-tomcat-9.0.118\conf\logging.properties
03-Jun-2026 09:49:18.905 INFO [main] org.apache.catalina.startup.VersionLoggerListener.log Command line argument: -Djava.util.logging.manager=org.apache.juli.ClassLoaderLogManager
03-Jun-2026 09:49:18.905 INFO [main] org.apache.catalina.startup.VersionLoggerListener.log Command line argument: -Djdk.tls.ephemeralDHKeySize=2048
03-Jun-2026 09:49:18.905 INFO [main] org.apache.catalina.startup.VersionLoggerListener.log Command line argument: -Djava.protocol.handler.pkgs=org.apache.catalina.webresources
03-Jun-2026 09:49:18.905 INFO [main] org.apache.catalina.startup.VersionLoggerListener.log Command line argument: -Dsun.io.useCanonCaches=false
03-Jun-2026 09:49:18.905 INFO [main] org.apache.catalina.startup.VersionLoggerListener.log Command line argument: -Dignore.endorsed.dirs=
03-Jun-2026 09:49:18.905 INFO [main] org.apache.catalina.startup.VersionLoggerListener.log Command line argument: -Dcatalina.base=D:\evan\yen\hardening_tomcat9\apache-tomcat-9.0.118
03-Jun-2026 09:49:18.905 INFO [main] org.apache.catalina.startup.VersionLoggerListener.log Command line argument: -Dcatalina.home=D:\evan\yen\hardening_tomcat9\apache-tomcat-9.0.118
03-Jun-2026 09:49:18.921 INFO [main] org.apache.catalina.startup.VersionLoggerListener.log Command line argument: -Djava.io.tmpdir=D:\evan\yen\hardening_tomcat9\apache-tomcat-9.0.118\temp
03-Jun-2026 09:49:18.969 INFO [main] org.apache.catalina.core.AprLifecycleListener.lifecycleEvent Loaded Apache Tomcat Native library [1.3.7] using APR version [1.7.6].
03-Jun-2026 09:49:18.969 INFO [main] org.apache.catalina.core.AprLifecycleListener.lifecycleEvent APR capabilities: IPv6 [true], sendfile [true], accept filters [false], random [true], UDS [true].
03-Jun-2026 09:49:18.969 INFO [main] org.apache.catalina.core.AprLifecycleListener.lifecycleEvent APR/OpenSSL configuration: useAprConnector [false], useOpenSSL [true]
03-Jun-2026 09:49:18.969 INFO [main] org.apache.catalina.core.AprLifecycleListener.initializeSSL OpenSSL successfully initialized [OpenSSL 3.0.19 27 Jan 2026]
03-Jun-2026 09:49:19.240 INFO [main] org.apache.coyote.AbstractProtocol.init Initializing ProtocolHandler ["http-nio-8080"]
03-Jun-2026 09:49:19.256 INFO [main] org.apache.catalina.startup.Catalina.load Server initialization in [510] milliseconds
03-Jun-2026 09:49:19.298 INFO [main] org.apache.catalina.core.StandardService.startInternal Starting service [Catalina]
03-Jun-2026 09:49:19.298 INFO [main] org.apache.catalina.core.StandardEngine.startInternal Starting Servlet engine: [Apache Tomcat/9.0.118]
03-Jun-2026 09:49:19.304 INFO [main] org.apache.catalina.startup.HostConfig.deployDirectory Deploying web application directory [D:\evan\yen\hardening_tomcat9\apache-tomcat-9.0.118\webapps\docs]
03-Jun-2026 09:49:19.652 WARNING [main] org.apache.catalina.util.SessionIdGeneratorBase.createSecureRandom Creation of SecureRandom instance for session ID generation using [SHA1PRNG] took [158] milliseconds.
03-Jun-2026 09:49:19.683 INFO [main] org.apache.catalina.startup.HostConfig.deployDirectory Deployment of web application directory [D:\evan\yen\hardening_tomcat9\apache-tomcat-9.0.118\webapps\docs] has finished in [379] ms
03-Jun-2026 09:49:19.683 INFO [main] org.apache.catalina.startup.HostConfig.deployDirectory Deploying web application directory [D:\evan\yen\hardening_tomcat9\apache-tomcat-9.0.118\webapps\examples]
03-Jun-2026 09:49:20.353 INFO [main] org.apache.catalina.startup.HostConfig.deployDirectory Deployment of web application directory [D:\evan\yen\hardening_tomcat9\apache-tomcat-9.0.118\webapps\examples] has finished in [670] ms
03-Jun-2026 09:49:20.355 INFO [main] org.apache.catalina.startup.HostConfig.deployDirectory Deploying web application directory [D:\evan\yen\hardening_tomcat9\apache-tomcat-9.0.118\webapps\host-manager]
03-Jun-2026 09:49:20.386 INFO [main] org.apache.catalina.startup.HostConfig.deployDirectory Deployment of web application directory [D:\evan\yen\hardening_tomcat9\apache-tomcat-9.0.118\webapps\host-manager] has finished in [31] ms
03-Jun-2026 09:49:20.386 INFO [main] org.apache.catalina.startup.HostConfig.deployDirectory Deploying web application directory [D:\evan\yen\hardening_tomcat9\apache-tomcat-9.0.118\webapps\manager]
03-Jun-2026 09:49:20.410 INFO [main] org.apache.catalina.startup.HostConfig.deployDirectory Deployment of web application directory [D:\evan\yen\hardening_tomcat9\apache-tomcat-9.0.118\webapps\manager] has finished in [24] ms
03-Jun-2026 09:49:20.410 INFO [main] org.apache.catalina.startup.HostConfig.deployDirectory Deploying web application directory [D:\evan\yen\hardening_tomcat9\apache-tomcat-9.0.118\webapps\ROOT]
03-Jun-2026 09:49:20.426 INFO [main] org.apache.catalina.startup.HostConfig.deployDirectory Deployment of web application directory [D:\evan\yen\hardening_tomcat9\apache-tomcat-9.0.118\webapps\ROOT] has finished in [16] ms
03-Jun-2026 09:49:20.442 INFO [main] org.apache.coyote.AbstractProtocol.start Starting ProtocolHandler ["http-nio-8080"]
03-Jun-2026 09:49:20.458 INFO [main] org.apache.catalina.startup.Catalina.start Server startup in [1191] milliseconds
03-Jun-2026 09:49:53.631 INFO [Thread-2] org.apache.coyote.AbstractProtocol.pause Pausing ProtocolHandler ["http-nio-8080"]
03-Jun-2026 09:49:53.900 INFO [Thread-2] org.apache.catalina.core.StandardService.stopInternal Stopping service [Catalina]
03-Jun-2026 09:49:53.920 INFO [Thread-2] org.apache.coyote.AbstractProtocol.stop Stopping ProtocolHandler ["http-nio-8080"]
03-Jun-2026 09:49:53.936 INFO [Thread-2] org.apache.coyote.AbstractProtocol.destroy Destroying ProtocolHandler ["http-nio-8080"]
03-Jun-2026 10:19:14.628 INFO [main] org.apache.catalina.startup.VersionLoggerListener.log Server version name:   Apache Tomcat/9.0.118
03-Jun-2026 10:19:14.629 INFO [main] org.apache.catalina.startup.VersionLoggerListener.log Server built:          May 1 2026 19:30:30 UTC
03-Jun-2026 10:19:14.629 INFO [main] org.apache.catalina.startup.VersionLoggerListener.log Server version number: 9.0.118.0
03-Jun-2026 10:19:14.629 INFO [main] org.apache.catalina.startup.VersionLoggerListener.log OS Name:               Windows 10
03-Jun-2026 10:19:14.629 INFO [main] org.apache.catalina.startup.VersionLoggerListener.log OS Version:            10.0
03-Jun-2026 10:19:14.629 INFO [main] org.apache.catalina.startup.VersionLoggerListener.log Architecture:          amd64
03-Jun-2026 10:19:14.629 INFO [main] org.apache.catalina.startup.VersionLoggerListener.log Java Home:             C:\Program Files\Java\jdk1.8.0_202\jre
03-Jun-2026 10:19:14.629 INFO [main] org.apache.catalina.startup.VersionLoggerListener.log JVM Version:           1.8.0_202-b08
03-Jun-2026 10:19:14.629 INFO [main] org.apache.catalina.startup.VersionLoggerListener.log JVM Vendor:            Oracle Corporation
03-Jun-2026 10:19:14.629 INFO [main] org.apache.catalina.startup.VersionLoggerListener.log CATALINA_BASE:         D:\evan\yen\hardening_tomcat9\apache-tomcat-9.0.118
03-Jun-2026 10:19:14.629 INFO [main] org.apache.catalina.startup.VersionLoggerListener.log CATALINA_HOME:         D:\evan\yen\hardening_tomcat9\apache-tomcat-9.0.118
03-Jun-2026 10:19:14.629 INFO [main] org.apache.catalina.startup.VersionLoggerListener.log Command line argument: -Djava.util.logging.config.file=D:\evan\yen\hardening_tomcat9\apache-tomcat-9.0.118\conf\logging.properties
03-Jun-2026 10:19:14.629 INFO [main] org.apache.catalina.startup.VersionLoggerListener.log Command line argument: -Djava.util.logging.manager=org.apache.juli.ClassLoaderLogManager
03-Jun-2026 10:19:14.629 INFO [main] org.apache.catalina.startup.VersionLoggerListener.log Command line argument: -Djdk.tls.ephemeralDHKeySize=2048
03-Jun-2026 10:19:14.629 INFO [main] org.apache.catalina.startup.VersionLoggerListener.log Command line argument: -Djava.protocol.handler.pkgs=org.apache.catalina.webresources
03-Jun-2026 10:19:14.629 INFO [main] org.apache.catalina.startup.VersionLoggerListener.log Command line argument: -Dsun.io.useCanonCaches=false
03-Jun-2026 10:19:14.629 INFO [main] org.apache.catalina.startup.VersionLoggerListener.log Command line argument: -Dignore.endorsed.dirs=
03-Jun-2026 10:19:14.629 INFO [main] org.apache.catalina.startup.VersionLoggerListener.log Command line argument: -Dcatalina.base=D:\evan\yen\hardening_tomcat9\apache-tomcat-9.0.118
03-Jun-2026 10:19:14.629 INFO [main] org.apache.catalina.startup.VersionLoggerListener.log Command line argument: -Dcatalina.home=D:\evan\yen\hardening_tomcat9\apache-tomcat-9.0.118
03-Jun-2026 10:19:14.629 INFO [main] org.apache.catalina.startup.VersionLoggerListener.log Command line argument: -Djava.io.tmpdir=D:\evan\yen\hardening_tomcat9\apache-tomcat-9.0.118\temp
03-Jun-2026 10:19:14.641 INFO [main] org.apache.catalina.core.AprLifecycleListener.lifecycleEvent Loaded Apache Tomcat Native library [1.3.7] using APR version [1.7.6].
03-Jun-2026 10:19:14.641 INFO [main] org.apache.catalina.core.AprLifecycleListener.lifecycleEvent APR capabilities: IPv6 [true], sendfile [true], accept filters [false], random [true], UDS [true].
03-Jun-2026 10:19:14.641 INFO [main] org.apache.catalina.core.AprLifecycleListener.lifecycleEvent APR/OpenSSL configuration: useAprConnector [false], useOpenSSL [true]
03-Jun-2026 10:19:14.646 INFO [main] org.apache.catalina.core.AprLifecycleListener.initializeSSL OpenSSL successfully initialized [OpenSSL 3.0.19 27 Jan 2026]
03-Jun-2026 10:19:14.915 INFO [main] org.apache.coyote.AbstractProtocol.init Initializing ProtocolHandler ["http-nio-8080"]
03-Jun-2026 10:19:14.936 INFO [main] org.apache.catalina.startup.Catalina.load Server initialization in [470] milliseconds
03-Jun-2026 10:19:14.964 INFO [main] org.apache.catalina.core.StandardService.startInternal Starting service [Catalina]
03-Jun-2026 10:19:14.964 INFO [main] org.apache.catalina.core.StandardEngine.startInternal Starting Servlet engine: [Apache Tomcat/9.0.118]
03-Jun-2026 10:19:14.980 INFO [main] org.apache.catalina.startup.HostConfig.deployDirectory Deploying web application directory [D:\evan\yen\hardening_tomcat9\apache-tomcat-9.0.118\webapps\docs]
03-Jun-2026 10:19:15.345 WARNING [main] org.apache.catalina.util.SessionIdGeneratorBase.createSecureRandom Creation of SecureRandom instance for session ID generation using [SHA1PRNG] took [175] milliseconds.
03-Jun-2026 10:19:15.361 INFO [main] org.apache.catalina.startup.HostConfig.deployDirectory Deployment of web application directory [D:\evan\yen\hardening_tomcat9\apache-tomcat-9.0.118\webapps\docs] has finished in [381] ms
03-Jun-2026 10:19:15.361 INFO [main] org.apache.catalina.startup.HostConfig.deployDirectory Deploying web application directory [D:\evan\yen\hardening_tomcat9\apache-tomcat-9.0.118\webapps\examples]
03-Jun-2026 10:19:15.698 INFO [main] org.apache.catalina.startup.HostConfig.deployDirectory Deployment of web application directory [D:\evan\yen\hardening_tomcat9\apache-tomcat-9.0.118\webapps\examples] has finished in [337] ms
03-Jun-2026 10:19:15.698 INFO [main] org.apache.catalina.startup.HostConfig.deployDirectory Deploying web application directory [D:\evan\yen\hardening_tomcat9\apache-tomcat-9.0.118\webapps\host-manager]
03-Jun-2026 10:19:15.744 INFO [main] org.apache.catalina.startup.HostConfig.deployDirectory Deployment of web application directory [D:\evan\yen\hardening_tomcat9\apache-tomcat-9.0.118\webapps\host-manager] has finished in [46] ms
03-Jun-2026 10:19:15.745 INFO [main] org.apache.catalina.startup.HostConfig.deployDirectory Deploying web application directory [D:\evan\yen\hardening_tomcat9\apache-tomcat-9.0.118\webapps\manager]
03-Jun-2026 10:19:15.762 INFO [main] org.apache.catalina.startup.HostConfig.deployDirectory Deployment of web application directory [D:\evan\yen\hardening_tomcat9\apache-tomcat-9.0.118\webapps\manager] has finished in [17] ms
03-Jun-2026 10:19:15.762 INFO [main] org.apache.catalina.startup.HostConfig.deployDirectory Deploying web application directory [D:\evan\yen\hardening_tomcat9\apache-tomcat-9.0.118\webapps\ROOT]
03-Jun-2026 10:19:15.798 INFO [main] org.apache.catalina.startup.HostConfig.deployDirectory Deployment of web application directory [D:\evan\yen\hardening_tomcat9\apache-tomcat-9.0.118\webapps\ROOT] has finished in [36] ms
03-Jun-2026 10:19:15.803 INFO [main] org.apache.coyote.AbstractProtocol.start Starting ProtocolHandler ["http-nio-8080"]
03-Jun-2026 10:19:15.817 INFO [main] org.apache.catalina.startup.Catalina.start Server startup in [885] milliseconds
03-Jun-2026 10:21:27.675 INFO [Thread-2] org.apache.coyote.AbstractProtocol.pause Pausing ProtocolHandler ["http-nio-8080"]
03-Jun-2026 10:21:27.975 INFO [Thread-2] org.apache.catalina.core.StandardService.stopInternal Stopping service [Catalina]
03-Jun-2026 10:21:27.996 INFO [Thread-2] org.apache.coyote.AbstractProtocol.stop Stopping ProtocolHandler ["http-nio-8080"]
03-Jun-2026 10:21:28.009 INFO [Thread-2] org.apache.coyote.AbstractProtocol.destroy Destroying ProtocolHandler ["http-nio-8080"]
03-Jun-2026 10:24:16.761 INFO [main] org.apache.catalina.startup.VersionLoggerListener.log Server version name:   Apache Tomcat/9.0.118
03-Jun-2026 10:24:16.761 INFO [main] org.apache.catalina.startup.VersionLoggerListener.log Server built:          May 1 2026 19:30:30 UTC
03-Jun-2026 10:24:16.761 INFO [main] org.apache.catalina.startup.VersionLoggerListener.log Server version number: 9.0.118.0
03-Jun-2026 10:24:16.761 INFO [main] org.apache.catalina.startup.VersionLoggerListener.log OS Name:               Windows 10
03-Jun-2026 10:24:16.761 INFO [main] org.apache.catalina.startup.VersionLoggerListener.log OS Version:            10.0
03-Jun-2026 10:24:16.761 INFO [main] org.apache.catalina.startup.VersionLoggerListener.log Architecture:          amd64
03-Jun-2026 10:24:16.761 INFO [main] org.apache.catalina.startup.VersionLoggerListener.log Java Home:             C:\Program Files\Java\jdk1.8.0_202\jre
03-Jun-2026 10:24:16.761 INFO [main] org.apache.catalina.startup.VersionLoggerListener.log JVM Version:           1.8.0_202-b08
03-Jun-2026 10:24:16.761 INFO [main] org.apache.catalina.startup.VersionLoggerListener.log JVM Vendor:            Oracle Corporation
03-Jun-2026 10:24:16.761 INFO [main] org.apache.catalina.startup.VersionLoggerListener.log CATALINA_BASE:         D:\evan\yen\hardening_tomcat9\apache-tomcat-9.0.118
03-Jun-2026 10:24:16.761 INFO [main] org.apache.catalina.startup.VersionLoggerListener.log CATALINA_HOME:         D:\evan\yen\hardening_tomcat9\apache-tomcat-9.0.118
03-Jun-2026 10:24:16.777 INFO [main] org.apache.catalina.startup.VersionLoggerListener.log Command line argument: -Djava.util.logging.config.file=D:\evan\yen\hardening_tomcat9\apache-tomcat-9.0.118\conf\logging.properties
03-Jun-2026 10:24:16.777 INFO [main] org.apache.catalina.startup.VersionLoggerListener.log Command line argument: -Djava.util.logging.manager=org.apache.juli.ClassLoaderLogManager
03-Jun-2026 10:24:16.777 INFO [main] org.apache.catalina.startup.VersionLoggerListener.log Command line argument: -Djdk.tls.ephemeralDHKeySize=2048
03-Jun-2026 10:24:16.777 INFO [main] org.apache.catalina.startup.VersionLoggerListener.log Command line argument: -Djava.protocol.handler.pkgs=org.apache.catalina.webresources
03-Jun-2026 10:24:16.777 INFO [main] org.apache.catalina.startup.VersionLoggerListener.log Command line argument: -Dsun.io.useCanonCaches=false
03-Jun-2026 10:24:16.777 INFO [main] org.apache.catalina.startup.VersionLoggerListener.log Command line argument: -Dignore.endorsed.dirs=
03-Jun-2026 10:24:16.777 INFO [main] org.apache.catalina.startup.VersionLoggerListener.log Command line argument: -Dcatalina.base=D:\evan\yen\hardening_tomcat9\apache-tomcat-9.0.118
03-Jun-2026 10:24:16.777 INFO [main] org.apache.catalina.startup.VersionLoggerListener.log Command line argument: -Dcatalina.home=D:\evan\yen\hardening_tomcat9\apache-tomcat-9.0.118
03-Jun-2026 10:24:16.777 INFO [main] org.apache.catalina.startup.VersionLoggerListener.log Command line argument: -Djava.io.tmpdir=D:\evan\yen\hardening_tomcat9\apache-tomcat-9.0.118\temp
03-Jun-2026 10:24:16.777 INFO [main] org.apache.catalina.core.AprLifecycleListener.lifecycleEvent Loaded Apache Tomcat Native library [1.3.7] using APR version [1.7.6].
03-Jun-2026 10:24:16.777 INFO [main] org.apache.catalina.core.AprLifecycleListener.lifecycleEvent APR capabilities: IPv6 [true], sendfile [true], accept filters [false], random [true], UDS [true].
03-Jun-2026 10:24:16.777 INFO [main] org.apache.catalina.core.AprLifecycleListener.lifecycleEvent APR/OpenSSL configuration: useAprConnector [false], useOpenSSL [true]
03-Jun-2026 10:24:16.777 INFO [main] org.apache.catalina.core.AprLifecycleListener.initializeSSL OpenSSL successfully initialized [OpenSSL 3.0.19 27 Jan 2026]
03-Jun-2026 10:24:17.058 INFO [main] org.apache.coyote.AbstractProtocol.init Initializing ProtocolHandler ["http-nio-8080"]
03-Jun-2026 10:24:17.090 INFO [main] org.apache.catalina.startup.Catalina.load Server initialization in [485] milliseconds
03-Jun-2026 10:24:17.115 INFO [main] org.apache.catalina.core.StandardService.startInternal Starting service [Catalina]
03-Jun-2026 10:24:17.115 INFO [main] org.apache.catalina.core.StandardEngine.startInternal Starting Servlet engine: [Apache Tomcat/9.0.118]
03-Jun-2026 10:24:17.121 INFO [main] org.apache.catalina.startup.HostConfig.deployDirectory Deploying web application directory [D:\evan\yen\hardening_tomcat9\apache-tomcat-9.0.118\webapps\docs]
03-Jun-2026 10:24:17.487 WARNING [main] org.apache.catalina.util.SessionIdGeneratorBase.createSecureRandom Creation of SecureRandom instance for session ID generation using [SHA1PRNG] took [155] milliseconds.
03-Jun-2026 10:24:17.513 INFO [main] org.apache.catalina.startup.HostConfig.deployDirectory Deployment of web application directory [D:\evan\yen\hardening_tomcat9\apache-tomcat-9.0.118\webapps\docs] has finished in [392] ms
03-Jun-2026 10:24:17.513 INFO [main] org.apache.catalina.startup.HostConfig.deployDirectory Deploying web application directory [D:\evan\yen\hardening_tomcat9\apache-tomcat-9.0.118\webapps\examples]
03-Jun-2026 10:24:17.860 INFO [main] org.apache.catalina.startup.HostConfig.deployDirectory Deployment of web application directory [D:\evan\yen\hardening_tomcat9\apache-tomcat-9.0.118\webapps\examples] has finished in [347] ms
03-Jun-2026 10:24:17.861 INFO [main] org.apache.catalina.startup.HostConfig.deployDirectory Deploying web application directory [D:\evan\yen\hardening_tomcat9\apache-tomcat-9.0.118\webapps\host-manager]
03-Jun-2026 10:24:17.894 INFO [main] org.apache.catalina.startup.HostConfig.deployDirectory Deployment of web application directory [D:\evan\yen\hardening_tomcat9\apache-tomcat-9.0.118\webapps\host-manager] has finished in [17] ms
03-Jun-2026 10:24:17.894 INFO [main] org.apache.catalina.startup.HostConfig.deployDirectory Deploying web application directory [D:\evan\yen\hardening_tomcat9\apache-tomcat-9.0.118\webapps\manager]
03-Jun-2026 10:24:17.910 INFO [main] org.apache.catalina.startup.HostConfig.deployDirectory Deployment of web application directory [D:\evan\yen\hardening_tomcat9\apache-tomcat-9.0.118\webapps\manager] has finished in [16] ms
03-Jun-2026 10:24:17.910 INFO [main] org.apache.catalina.startup.HostConfig.deployDirectory Deploying web application directory [D:\evan\yen\hardening_tomcat9\apache-tomcat-9.0.118\webapps\ROOT]
03-Jun-2026 10:24:17.942 INFO [main] org.apache.catalina.startup.HostConfig.deployDirectory Deployment of web application directory [D:\evan\yen\hardening_tomcat9\apache-tomcat-9.0.118\webapps\ROOT] has finished in [32] ms
03-Jun-2026 10:24:17.942 INFO [main] org.apache.coyote.AbstractProtocol.start Starting ProtocolHandler ["http-nio-8080"]
03-Jun-2026 10:24:17.965 INFO [main] org.apache.catalina.startup.Catalina.start Server startup in [874] milliseconds
03-Jun-2026 10:24:28.567 INFO [Thread-2] org.apache.coyote.AbstractProtocol.pause Pausing ProtocolHandler ["http-nio-8080"]
03-Jun-2026 10:24:28.853 INFO [Thread-2] org.apache.catalina.core.StandardService.stopInternal Stopping service [Catalina]
03-Jun-2026 10:24:28.864 INFO [Thread-2] org.apache.coyote.AbstractProtocol.stop Stopping ProtocolHandler ["http-nio-8080"]
03-Jun-2026 10:24:28.880 INFO [Thread-2] org.apache.coyote.AbstractProtocol.destroy Destroying ProtocolHandler ["http-nio-8080"]
03-Jun-2026 10:27:28.043 SEVERE [main] org.apache.catalina.startup.Catalina.stopServer Could not contact [localhost:8005] (base port [8005] and offset [0]). Tomcat may not be running.
03-Jun-2026 10:27:28.047 SEVERE [main] org.apache.catalina.startup.Catalina.stopServer Error stopping Catalina
	java.net.ConnectException: Connection refused: connect
		at java.net.DualStackPlainSocketImpl.connect0(Native Method)
		at java.net.DualStackPlainSocketImpl.socketConnect(DualStackPlainSocketImpl.java:79)
		at java.net.AbstractPlainSocketImpl.doConnect(AbstractPlainSocketImpl.java:350)
		at java.net.AbstractPlainSocketImpl.connectToAddress(AbstractPlainSocketImpl.java:206)
		at java.net.AbstractPlainSocketImpl.connect(AbstractPlainSocketImpl.java:188)
		at java.net.PlainSocketImpl.connect(PlainSocketImpl.java:172)
		at java.net.SocksSocketImpl.connect(SocksSocketImpl.java:392)
		at java.net.Socket.connect(Socket.java:589)
		at java.net.Socket.connect(Socket.java:538)
		at java.net.Socket.<init>(Socket.java:434)
		at java.net.Socket.<init>(Socket.java:211)
		at org.apache.catalina.startup.Catalina.stopServer(Catalina.java:630)
		at sun.reflect.NativeMethodAccessorImpl.invoke0(Native Method)
		at sun.reflect.NativeMethodAccessorImpl.invoke(NativeMethodAccessorImpl.java:62)
		at sun.reflect.DelegatingMethodAccessorImpl.invoke(DelegatingMethodAccessorImpl.java:43)
		at java.lang.reflect.Method.invoke(Method.java:498)
		at org.apache.catalina.startup.Bootstrap.stopServer(Bootstrap.java:390)
		at org.apache.catalina.startup.Bootstrap.main(Bootstrap.java:479)
03-Jun-2026 10:27:33.225 INFO [main] org.apache.catalina.startup.VersionLoggerListener.log Server version name:   Apache Tomcat/9.0.118
03-Jun-2026 10:27:33.225 INFO [main] org.apache.catalina.startup.VersionLoggerListener.log Server built:          May 1 2026 19:30:30 UTC
03-Jun-2026 10:27:33.225 INFO [main] org.apache.catalina.startup.VersionLoggerListener.log Server version number: 9.0.118.0
03-Jun-2026 10:27:33.225 INFO [main] org.apache.catalina.startup.VersionLoggerListener.log OS Name:               Windows 10
03-Jun-2026 10:27:33.225 INFO [main] org.apache.catalina.startup.VersionLoggerListener.log OS Version:            10.0
03-Jun-2026 10:27:33.225 INFO [main] org.apache.catalina.startup.VersionLoggerListener.log Architecture:          amd64
03-Jun-2026 10:27:33.225 INFO [main] org.apache.catalina.startup.VersionLoggerListener.log Java Home:             C:\Program Files\Java\jdk1.8.0_202\jre
03-Jun-2026 10:27:33.225 INFO [main] org.apache.catalina.startup.VersionLoggerListener.log JVM Version:           1.8.0_202-b08
03-Jun-2026 10:27:33.225 INFO [main] org.apache.catalina.startup.VersionLoggerListener.log JVM Vendor:            Oracle Corporation
03-Jun-2026 10:27:33.225 INFO [main] org.apache.catalina.startup.VersionLoggerListener.log CATALINA_BASE:         D:\evan\yen\hardening_tomcat9\apache-tomcat-9.0.118
03-Jun-2026 10:27:33.225 INFO [main] org.apache.catalina.startup.VersionLoggerListener.log CATALINA_HOME:         D:\evan\yen\hardening_tomcat9\apache-tomcat-9.0.118
03-Jun-2026 10:27:33.225 INFO [main] org.apache.catalina.startup.VersionLoggerListener.log Command line argument: -Djava.util.logging.config.file=D:\evan\yen\hardening_tomcat9\apache-tomcat-9.0.118\conf\logging.properties
03-Jun-2026 10:27:33.225 INFO [main] org.apache.catalina.startup.VersionLoggerListener.log Command line argument: -Djava.util.logging.manager=org.apache.juli.ClassLoaderLogManager
03-Jun-2026 10:27:33.225 INFO [main] org.apache.catalina.startup.VersionLoggerListener.log Command line argument: -Djdk.tls.ephemeralDHKeySize=2048
03-Jun-2026 10:27:33.225 INFO [main] org.apache.catalina.startup.VersionLoggerListener.log Command line argument: -Djava.protocol.handler.pkgs=org.apache.catalina.webresources
03-Jun-2026 10:27:33.225 INFO [main] org.apache.catalina.startup.VersionLoggerListener.log Command line argument: -Dsun.io.useCanonCaches=false
03-Jun-2026 10:27:33.225 INFO [main] org.apache.catalina.startup.VersionLoggerListener.log Command line argument: -Dignore.endorsed.dirs=
03-Jun-2026 10:27:33.225 INFO [main] org.apache.catalina.startup.VersionLoggerListener.log Command line argument: -Dcatalina.base=D:\evan\yen\hardening_tomcat9\apache-tomcat-9.0.118
03-Jun-2026 10:27:33.225 INFO [main] org.apache.catalina.startup.VersionLoggerListener.log Command line argument: -Dcatalina.home=D:\evan\yen\hardening_tomcat9\apache-tomcat-9.0.118
03-Jun-2026 10:27:33.225 INFO [main] org.apache.catalina.startup.VersionLoggerListener.log Command line argument: -Djava.io.tmpdir=D:\evan\yen\hardening_tomcat9\apache-tomcat-9.0.118\temp
03-Jun-2026 10:27:33.242 INFO [main] org.apache.catalina.core.AprLifecycleListener.lifecycleEvent Loaded Apache Tomcat Native library [1.3.7] using APR version [1.7.6].
03-Jun-2026 10:27:33.242 INFO [main] org.apache.catalina.core.AprLifecycleListener.lifecycleEvent APR capabilities: IPv6 [true], sendfile [true], accept filters [false], random [true], UDS [true].
03-Jun-2026 10:27:33.242 INFO [main] org.apache.catalina.core.AprLifecycleListener.lifecycleEvent APR/OpenSSL configuration: useAprConnector [false], useOpenSSL [true]
03-Jun-2026 10:27:33.242 INFO [main] org.apache.catalina.core.AprLifecycleListener.initializeSSL OpenSSL successfully initialized [OpenSSL 3.0.19 27 Jan 2026]
03-Jun-2026 10:27:33.524 INFO [main] org.apache.coyote.AbstractProtocol.init Initializing ProtocolHandler ["http-nio-8080"]
03-Jun-2026 10:27:33.544 INFO [main] org.apache.catalina.startup.Catalina.load Server initialization in [481] milliseconds
03-Jun-2026 10:27:33.573 INFO [main] org.apache.catalina.core.StandardService.startInternal Starting service [Catalina]
03-Jun-2026 10:27:33.573 INFO [main] org.apache.catalina.core.StandardEngine.startInternal Starting Servlet engine: [Apache Tomcat/9.0.118]
03-Jun-2026 10:27:33.573 INFO [main] org.apache.catalina.startup.HostConfig.deployDirectory Deploying web application directory [D:\evan\yen\hardening_tomcat9\apache-tomcat-9.0.118\webapps\docs]
03-Jun-2026 10:27:33.960 WARNING [main] org.apache.catalina.util.SessionIdGeneratorBase.createSecureRandom Creation of SecureRandom instance for session ID generation using [SHA1PRNG] took [169] milliseconds.
03-Jun-2026 10:27:33.975 INFO [main] org.apache.catalina.startup.HostConfig.deployDirectory Deployment of web application directory [D:\evan\yen\hardening_tomcat9\apache-tomcat-9.0.118\webapps\docs] has finished in [402] ms
03-Jun-2026 10:27:33.975 INFO [main] org.apache.catalina.startup.HostConfig.deployDirectory Deploying web application directory [D:\evan\yen\hardening_tomcat9\apache-tomcat-9.0.118\webapps\examples]
03-Jun-2026 10:27:34.344 INFO [main] org.apache.catalina.startup.HostConfig.deployDirectory Deployment of web application directory [D:\evan\yen\hardening_tomcat9\apache-tomcat-9.0.118\webapps\examples] has finished in [369] ms
03-Jun-2026 10:27:34.344 INFO [main] org.apache.catalina.startup.HostConfig.deployDirectory Deploying web application directory [D:\evan\yen\hardening_tomcat9\apache-tomcat-9.0.118\webapps\host-manager]
03-Jun-2026 10:27:34.384 INFO [main] org.apache.catalina.startup.HostConfig.deployDirectory Deployment of web application directory [D:\evan\yen\hardening_tomcat9\apache-tomcat-9.0.118\webapps\host-manager] has finished in [40] ms
03-Jun-2026 10:27:34.386 INFO [main] org.apache.catalina.startup.HostConfig.deployDirectory Deploying web application directory [D:\evan\yen\hardening_tomcat9\apache-tomcat-9.0.118\webapps\manager]
03-Jun-2026 10:27:34.418 INFO [main] org.apache.catalina.startup.HostConfig.deployDirectory Deployment of web application directory [D:\evan\yen\hardening_tomcat9\apache-tomcat-9.0.118\webapps\manager] has finished in [34] ms
03-Jun-2026 10:27:34.418 INFO [main] org.apache.catalina.startup.HostConfig.deployDirectory Deploying web application directory [D:\evan\yen\hardening_tomcat9\apache-tomcat-9.0.118\webapps\ROOT]
03-Jun-2026 10:27:34.434 INFO [main] org.apache.catalina.startup.HostConfig.deployDirectory Deployment of web application directory [D:\evan\yen\hardening_tomcat9\apache-tomcat-9.0.118\webapps\ROOT] has finished in [16] ms
03-Jun-2026 10:27:34.434 INFO [main] org.apache.coyote.AbstractProtocol.start Starting ProtocolHandler ["http-nio-8080"]
03-Jun-2026 10:27:34.450 INFO [main] org.apache.catalina.startup.Catalina.start Server startup in [916] milliseconds
03-Jun-2026 10:30:54.654 INFO [Catalina-utility-1] org.apache.catalina.startup.HostConfig.undeploy Undeploying context [/manager]
03-Jun-2026 10:30:54.654 INFO [Catalina-utility-1] org.apache.catalina.startup.HostConfig.deployDirectory Deploying web application directory [D:\evan\yen\hardening_tomcat9\apache-tomcat-9.0.118\webapps\manager]
03-Jun-2026 10:30:54.686 INFO [Catalina-utility-1] org.apache.catalina.startup.HostConfig.deployDirectory Deployment of web application directory [D:\evan\yen\hardening_tomcat9\apache-tomcat-9.0.118\webapps\manager] has finished in [32] ms
03-Jun-2026 10:31:01.256 INFO [Thread-2] org.apache.coyote.AbstractProtocol.pause Pausing ProtocolHandler ["http-nio-8080"]
03-Jun-2026 10:31:01.526 INFO [Thread-2] org.apache.catalina.core.StandardService.stopInternal Stopping service [Catalina]
03-Jun-2026 10:31:01.549 INFO [Thread-2] org.apache.coyote.AbstractProtocol.stop Stopping ProtocolHandler ["http-nio-8080"]
03-Jun-2026 10:31:01.565 INFO [Thread-2] org.apache.coyote.AbstractProtocol.destroy Destroying ProtocolHandler ["http-nio-8080"]
03-Jun-2026 10:31:06.151 INFO [main] org.apache.catalina.startup.VersionLoggerListener.log Server version name:   Apache Tomcat/9.0.118
03-Jun-2026 10:31:06.167 INFO [main] org.apache.catalina.startup.VersionLoggerListener.log Server built:          May 1 2026 19:30:30 UTC
03-Jun-2026 10:31:06.167 INFO [main] org.apache.catalina.startup.VersionLoggerListener.log Server version number: 9.0.118.0
03-Jun-2026 10:31:06.167 INFO [main] org.apache.catalina.startup.VersionLoggerListener.log OS Name:               Windows 10
03-Jun-2026 10:31:06.167 INFO [main] org.apache.catalina.startup.VersionLoggerListener.log OS Version:            10.0
03-Jun-2026 10:31:06.167 INFO [main] org.apache.catalina.startup.VersionLoggerListener.log Architecture:          amd64
03-Jun-2026 10:31:06.167 INFO [main] org.apache.catalina.startup.VersionLoggerListener.log Java Home:             C:\Program Files\Java\jdk1.8.0_202\jre
03-Jun-2026 10:31:06.167 INFO [main] org.apache.catalina.startup.VersionLoggerListener.log JVM Version:           1.8.0_202-b08
03-Jun-2026 10:31:06.167 INFO [main] org.apache.catalina.startup.VersionLoggerListener.log JVM Vendor:            Oracle Corporation
03-Jun-2026 10:31:06.167 INFO [main] org.apache.catalina.startup.VersionLoggerListener.log CATALINA_BASE:         D:\evan\yen\hardening_tomcat9\apache-tomcat-9.0.118
03-Jun-2026 10:31:06.167 INFO [main] org.apache.catalina.startup.VersionLoggerListener.log CATALINA_HOME:         D:\evan\yen\hardening_tomcat9\apache-tomcat-9.0.118
03-Jun-2026 10:31:06.167 INFO [main] org.apache.catalina.startup.VersionLoggerListener.log Command line argument: -Djava.util.logging.config.file=D:\evan\yen\hardening_tomcat9\apache-tomcat-9.0.118\conf\logging.properties
03-Jun-2026 10:31:06.167 INFO [main] org.apache.catalina.startup.VersionLoggerListener.log Command line argument: -Djava.util.logging.manager=org.apache.juli.ClassLoaderLogManager
03-Jun-2026 10:31:06.167 INFO [main] org.apache.catalina.startup.VersionLoggerListener.log Command line argument: -Djdk.tls.ephemeralDHKeySize=2048
03-Jun-2026 10:31:06.167 INFO [main] org.apache.catalina.startup.VersionLoggerListener.log Command line argument: -Djava.protocol.handler.pkgs=org.apache.catalina.webresources
03-Jun-2026 10:31:06.167 INFO [main] org.apache.catalina.startup.VersionLoggerListener.log Command line argument: -Dsun.io.useCanonCaches=false
03-Jun-2026 10:31:06.167 INFO [main] org.apache.catalina.startup.VersionLoggerListener.log Command line argument: -Dignore.endorsed.dirs=
03-Jun-2026 10:31:06.167 INFO [main] org.apache.catalina.startup.VersionLoggerListener.log Command line argument: -Dcatalina.base=D:\evan\yen\hardening_tomcat9\apache-tomcat-9.0.118
03-Jun-2026 10:31:06.167 INFO [main] org.apache.catalina.startup.VersionLoggerListener.log Command line argument: -Dcatalina.home=D:\evan\yen\hardening_tomcat9\apache-tomcat-9.0.118
03-Jun-2026 10:31:06.167 INFO [main] org.apache.catalina.startup.VersionLoggerListener.log Command line argument: -Djava.io.tmpdir=D:\evan\yen\hardening_tomcat9\apache-tomcat-9.0.118\temp
03-Jun-2026 10:31:06.167 INFO [main] org.apache.catalina.core.AprLifecycleListener.lifecycleEvent Loaded Apache Tomcat Native library [1.3.7] using APR version [1.7.6].
03-Jun-2026 10:31:06.167 INFO [main] org.apache.catalina.core.AprLifecycleListener.lifecycleEvent APR capabilities: IPv6 [true], sendfile [true], accept filters [false], random [true], UDS [true].
03-Jun-2026 10:31:06.167 INFO [main] org.apache.catalina.core.AprLifecycleListener.lifecycleEvent APR/OpenSSL configuration: useAprConnector [false], useOpenSSL [true]
03-Jun-2026 10:31:06.183 INFO [main] org.apache.catalina.core.AprLifecycleListener.initializeSSL OpenSSL successfully initialized [OpenSSL 3.0.19 27 Jan 2026]
03-Jun-2026 10:31:06.438 INFO [main] org.apache.coyote.AbstractProtocol.init Initializing ProtocolHandler ["http-nio-8080"]
03-Jun-2026 10:31:06.469 INFO [main] org.apache.catalina.startup.Catalina.load Server initialization in [470] milliseconds
03-Jun-2026 10:31:06.485 INFO [main] org.apache.catalina.core.StandardService.startInternal Starting service [Catalina]
03-Jun-2026 10:31:06.485 INFO [main] org.apache.catalina.core.StandardEngine.startInternal Starting Servlet engine: [Apache Tomcat/9.0.118]
03-Jun-2026 10:31:06.511 INFO [main] org.apache.catalina.startup.HostConfig.deployDirectory Deploying web application directory [D:\evan\yen\hardening_tomcat9\apache-tomcat-9.0.118\webapps\docs]
03-Jun-2026 10:31:06.877 WARNING [main] org.apache.catalina.util.SessionIdGeneratorBase.createSecureRandom Creation of SecureRandom instance for session ID generation using [SHA1PRNG] took [167] milliseconds.
03-Jun-2026 10:31:06.893 INFO [main] org.apache.catalina.startup.HostConfig.deployDirectory Deployment of web application directory [D:\evan\yen\hardening_tomcat9\apache-tomcat-9.0.118\webapps\docs] has finished in [382] ms
03-Jun-2026 10:31:06.893 INFO [main] org.apache.catalina.startup.HostConfig.deployDirectory Deploying web application directory [D:\evan\yen\hardening_tomcat9\apache-tomcat-9.0.118\webapps\examples]
03-Jun-2026 10:31:07.256 INFO [main] org.apache.catalina.startup.HostConfig.deployDirectory Deployment of web application directory [D:\evan\yen\hardening_tomcat9\apache-tomcat-9.0.118\webapps\examples] has finished in [363] ms
03-Jun-2026 10:31:07.256 INFO [main] org.apache.catalina.startup.HostConfig.deployDirectory Deploying web application directory [D:\evan\yen\hardening_tomcat9\apache-tomcat-9.0.118\webapps\host-manager]
03-Jun-2026 10:31:07.280 INFO [main] org.apache.catalina.startup.HostConfig.deployDirectory Deployment of web application directory [D:\evan\yen\hardening_tomcat9\apache-tomcat-9.0.118\webapps\host-manager] has finished in [24] ms
03-Jun-2026 10:31:07.280 INFO [main] org.apache.catalina.startup.HostConfig.deployDirectory Deploying web application directory [D:\evan\yen\hardening_tomcat9\apache-tomcat-9.0.118\webapps\manager]
03-Jun-2026 10:31:07.320 INFO [main] org.apache.catalina.startup.HostConfig.deployDirectory Deployment of web application directory [D:\evan\yen\hardening_tomcat9\apache-tomcat-9.0.118\webapps\manager] has finished in [40] ms
03-Jun-2026 10:31:07.320 INFO [main] org.apache.catalina.startup.HostConfig.deployDirectory Deploying web application directory [D:\evan\yen\hardening_tomcat9\apache-tomcat-9.0.118\webapps\ROOT]
03-Jun-2026 10:31:07.341 INFO [main] org.apache.catalina.startup.HostConfig.deployDirectory Deployment of web application directory [D:\evan\yen\hardening_tomcat9\apache-tomcat-9.0.118\webapps\ROOT] has finished in [21] ms
03-Jun-2026 10:31:07.341 INFO [main] org.apache.coyote.AbstractProtocol.start Starting ProtocolHandler ["http-nio-8080"]
03-Jun-2026 10:31:07.357 INFO [main] org.apache.catalina.startup.Catalina.start Server startup in [896] milliseconds
03-Jun-2026 10:31:47.891 INFO [Thread-2] org.apache.coyote.AbstractProtocol.pause Pausing ProtocolHandler ["http-nio-8080"]
03-Jun-2026 10:31:48.184 INFO [Thread-2] org.apache.catalina.core.StandardService.stopInternal Stopping service [Catalina]
03-Jun-2026 10:31:48.195 INFO [Thread-2] org.apache.coyote.AbstractProtocol.stop Stopping ProtocolHandler ["http-nio-8080"]
03-Jun-2026 10:31:48.211 INFO [Thread-2] org.apache.coyote.AbstractProtocol.destroy Destroying ProtocolHandler ["http-nio-8080"]
03-Jun-2026 10:32:12.735 INFO [main] org.apache.catalina.startup.VersionLoggerListener.log Server version name:   Apache Tomcat/9.0.118
03-Jun-2026 10:32:12.751 INFO [main] org.apache.catalina.startup.VersionLoggerListener.log Server built:          May 1 2026 19:30:30 UTC
03-Jun-2026 10:32:12.751 INFO [main] org.apache.catalina.startup.VersionLoggerListener.log Server version number: 9.0.118.0
03-Jun-2026 10:32:12.751 INFO [main] org.apache.catalina.startup.VersionLoggerListener.log OS Name:               Windows 10
03-Jun-2026 10:32:12.751 INFO [main] org.apache.catalina.startup.VersionLoggerListener.log OS Version:            10.0
03-Jun-2026 10:32:12.751 INFO [main] org.apache.catalina.startup.VersionLoggerListener.log Architecture:          amd64
03-Jun-2026 10:32:12.751 INFO [main] org.apache.catalina.startup.VersionLoggerListener.log Java Home:             C:\Program Files\Java\jdk1.8.0_202\jre
03-Jun-2026 10:32:12.751 INFO [main] org.apache.catalina.startup.VersionLoggerListener.log JVM Version:           1.8.0_202-b08
03-Jun-2026 10:32:12.751 INFO [main] org.apache.catalina.startup.VersionLoggerListener.log JVM Vendor:            Oracle Corporation
03-Jun-2026 10:32:12.751 INFO [main] org.apache.catalina.startup.VersionLoggerListener.log CATALINA_BASE:         D:\evan\yen\hardening_tomcat9\apache-tomcat-9.0.118
03-Jun-2026 10:32:12.751 INFO [main] org.apache.catalina.startup.VersionLoggerListener.log CATALINA_HOME:         D:\evan\yen\hardening_tomcat9\apache-tomcat-9.0.118
03-Jun-2026 10:32:12.751 INFO [main] org.apache.catalina.startup.VersionLoggerListener.log Command line argument: -Djava.util.logging.config.file=D:\evan\yen\hardening_tomcat9\apache-tomcat-9.0.118\conf\logging.properties
03-Jun-2026 10:32:12.751 INFO [main] org.apache.catalina.startup.VersionLoggerListener.log Command line argument: -Djava.util.logging.manager=org.apache.juli.ClassLoaderLogManager
03-Jun-2026 10:32:12.751 INFO [main] org.apache.catalina.startup.VersionLoggerListener.log Command line argument: -Djdk.tls.ephemeralDHKeySize=2048
03-Jun-2026 10:32:12.751 INFO [main] org.apache.catalina.startup.VersionLoggerListener.log Command line argument: -Djava.protocol.handler.pkgs=org.apache.catalina.webresources
03-Jun-2026 10:32:12.751 INFO [main] org.apache.catalina.startup.VersionLoggerListener.log Command line argument: -Dsun.io.useCanonCaches=false
03-Jun-2026 10:32:12.751 INFO [main] org.apache.catalina.startup.VersionLoggerListener.log Command line argument: -Dignore.endorsed.dirs=
03-Jun-2026 10:32:12.751 INFO [main] org.apache.catalina.startup.VersionLoggerListener.log Command line argument: -Dcatalina.base=D:\evan\yen\hardening_tomcat9\apache-tomcat-9.0.118
03-Jun-2026 10:32:12.751 INFO [main] org.apache.catalina.startup.VersionLoggerListener.log Command line argument: -Dcatalina.home=D:\evan\yen\hardening_tomcat9\apache-tomcat-9.0.118
03-Jun-2026 10:32:12.751 INFO [main] org.apache.catalina.startup.VersionLoggerListener.log Command line argument: -Djava.io.tmpdir=D:\evan\yen\hardening_tomcat9\apache-tomcat-9.0.118\temp
03-Jun-2026 10:32:12.751 INFO [main] org.apache.catalina.core.AprLifecycleListener.lifecycleEvent Loaded Apache Tomcat Native library [1.3.7] using APR version [1.7.6].
03-Jun-2026 10:32:12.751 INFO [main] org.apache.catalina.core.AprLifecycleListener.lifecycleEvent APR capabilities: IPv6 [true], sendfile [true], accept filters [false], random [true], UDS [true].
03-Jun-2026 10:32:12.751 INFO [main] org.apache.catalina.core.AprLifecycleListener.lifecycleEvent APR/OpenSSL configuration: useAprConnector [false], useOpenSSL [true]
03-Jun-2026 10:32:12.751 INFO [main] org.apache.catalina.core.AprLifecycleListener.initializeSSL OpenSSL successfully initialized [OpenSSL 3.0.19 27 Jan 2026]
03-Jun-2026 10:32:13.040 INFO [main] org.apache.coyote.AbstractProtocol.init Initializing ProtocolHandler ["http-nio-8080"]
03-Jun-2026 10:32:13.060 INFO [main] org.apache.catalina.startup.Catalina.load Server initialization in [465] milliseconds
03-Jun-2026 10:32:13.090 INFO [main] org.apache.catalina.core.StandardService.startInternal Starting service [Catalina]
03-Jun-2026 10:32:13.090 INFO [main] org.apache.catalina.core.StandardEngine.startInternal Starting Servlet engine: [Apache Tomcat/9.0.118]
03-Jun-2026 10:32:13.104 INFO [main] org.apache.catalina.startup.HostConfig.deployDirectory Deploying web application directory [D:\evan\yen\hardening_tomcat9\apache-tomcat-9.0.118\webapps\docs]
03-Jun-2026 10:32:13.453 WARNING [main] org.apache.catalina.util.SessionIdGeneratorBase.createSecureRandom Creation of SecureRandom instance for session ID generation using [SHA1PRNG] took [159] milliseconds.
03-Jun-2026 10:32:13.469 INFO [main] org.apache.catalina.startup.HostConfig.deployDirectory Deployment of web application directory [D:\evan\yen\hardening_tomcat9\apache-tomcat-9.0.118\webapps\docs] has finished in [367] ms
03-Jun-2026 10:32:13.469 INFO [main] org.apache.catalina.startup.HostConfig.deployDirectory Deploying web application directory [D:\evan\yen\hardening_tomcat9\apache-tomcat-9.0.118\webapps\examples]
03-Jun-2026 10:32:13.819 INFO [main] org.apache.catalina.startup.HostConfig.deployDirectory Deployment of web application directory [D:\evan\yen\hardening_tomcat9\apache-tomcat-9.0.118\webapps\examples] has finished in [350] ms
03-Jun-2026 10:32:13.819 INFO [main] org.apache.catalina.startup.HostConfig.deployDirectory Deploying web application directory [D:\evan\yen\hardening_tomcat9\apache-tomcat-9.0.118\webapps\host-manager]
03-Jun-2026 10:32:13.851 INFO [main] org.apache.catalina.startup.HostConfig.deployDirectory Deployment of web application directory [D:\evan\yen\hardening_tomcat9\apache-tomcat-9.0.118\webapps\host-manager] has finished in [32] ms
03-Jun-2026 10:32:13.851 INFO [main] org.apache.catalina.startup.HostConfig.deployDirectory Deploying web application directory [D:\evan\yen\hardening_tomcat9\apache-tomcat-9.0.118\webapps\manager]
03-Jun-2026 10:32:13.867 INFO [main] org.apache.catalina.startup.HostConfig.deployDirectory Deployment of web application directory [D:\evan\yen\hardening_tomcat9\apache-tomcat-9.0.118\webapps\manager] has finished in [16] ms
03-Jun-2026 10:32:13.867 INFO [main] org.apache.catalina.startup.HostConfig.deployDirectory Deploying web application directory [D:\evan\yen\hardening_tomcat9\apache-tomcat-9.0.118\webapps\ROOT]
03-Jun-2026 10:32:13.898 INFO [main] org.apache.catalina.startup.HostConfig.deployDirectory Deployment of web application directory [D:\evan\yen\hardening_tomcat9\apache-tomcat-9.0.118\webapps\ROOT] has finished in [31] ms
03-Jun-2026 10:32:13.898 INFO [main] org.apache.coyote.AbstractProtocol.start Starting ProtocolHandler ["http-nio-8080"]
03-Jun-2026 10:32:13.914 INFO [main] org.apache.catalina.startup.Catalina.start Server startup in [860] milliseconds
03-Jun-2026 10:33:05.528 INFO [Thread-2] org.apache.coyote.AbstractProtocol.pause Pausing ProtocolHandler ["http-nio-8080"]
03-Jun-2026 10:33:05.818 INFO [Thread-2] org.apache.catalina.core.StandardService.stopInternal Stopping service [Catalina]
03-Jun-2026 10:33:05.828 INFO [Thread-2] org.apache.coyote.AbstractProtocol.stop Stopping ProtocolHandler ["http-nio-8080"]
03-Jun-2026 10:33:05.845 INFO [Thread-2] org.apache.coyote.AbstractProtocol.destroy Destroying ProtocolHandler ["http-nio-8080"]
03-Jun-2026 10:39:53.431 INFO [main] org.apache.catalina.startup.VersionLoggerListener.log Server version name:   Apache Tomcat/9.0.118
03-Jun-2026 10:39:53.431 INFO [main] org.apache.catalina.startup.VersionLoggerListener.log Server built:          May 1 2026 19:30:30 UTC
03-Jun-2026 10:39:53.431 INFO [main] org.apache.catalina.startup.VersionLoggerListener.log Server version number: 9.0.118.0
03-Jun-2026 10:39:53.431 INFO [main] org.apache.catalina.startup.VersionLoggerListener.log OS Name:               Windows 10
03-Jun-2026 10:39:53.431 INFO [main] org.apache.catalina.startup.VersionLoggerListener.log OS Version:            10.0
03-Jun-2026 10:39:53.431 INFO [main] org.apache.catalina.startup.VersionLoggerListener.log Architecture:          amd64
03-Jun-2026 10:39:53.431 INFO [main] org.apache.catalina.startup.VersionLoggerListener.log Java Home:             C:\Program Files\Java\jdk1.8.0_202\jre
03-Jun-2026 10:39:53.431 INFO [main] org.apache.catalina.startup.VersionLoggerListener.log JVM Version:           1.8.0_202-b08
03-Jun-2026 10:39:53.431 INFO [main] org.apache.catalina.startup.VersionLoggerListener.log JVM Vendor:            Oracle Corporation
03-Jun-2026 10:39:53.431 INFO [main] org.apache.catalina.startup.VersionLoggerListener.log CATALINA_BASE:         D:\evan\yen\hardening_tomcat9\apache-tomcat-9.0.118
03-Jun-2026 10:39:53.431 INFO [main] org.apache.catalina.startup.VersionLoggerListener.log CATALINA_HOME:         D:\evan\yen\hardening_tomcat9\apache-tomcat-9.0.118
03-Jun-2026 10:39:53.431 INFO [main] org.apache.catalina.startup.VersionLoggerListener.log Command line argument: -Djava.util.logging.config.file=D:\evan\yen\hardening_tomcat9\apache-tomcat-9.0.118\conf\logging.properties
03-Jun-2026 10:39:53.431 INFO [main] org.apache.catalina.startup.VersionLoggerListener.log Command line argument: -Djava.util.logging.manager=org.apache.juli.ClassLoaderLogManager
03-Jun-2026 10:39:53.431 INFO [main] org.apache.catalina.startup.VersionLoggerListener.log Command line argument: -Djdk.tls.ephemeralDHKeySize=2048
03-Jun-2026 10:39:53.431 INFO [main] org.apache.catalina.startup.VersionLoggerListener.log Command line argument: -Djava.protocol.handler.pkgs=org.apache.catalina.webresources
03-Jun-2026 10:39:53.447 INFO [main] org.apache.catalina.startup.VersionLoggerListener.log Command line argument: -Dsun.io.useCanonCaches=false
03-Jun-2026 10:39:53.447 INFO [main] org.apache.catalina.startup.VersionLoggerListener.log Command line argument: -Dignore.endorsed.dirs=
03-Jun-2026 10:39:53.447 INFO [main] org.apache.catalina.startup.VersionLoggerListener.log Command line argument: -Dcatalina.base=D:\evan\yen\hardening_tomcat9\apache-tomcat-9.0.118
03-Jun-2026 10:39:53.447 INFO [main] org.apache.catalina.startup.VersionLoggerListener.log Command line argument: -Dcatalina.home=D:\evan\yen\hardening_tomcat9\apache-tomcat-9.0.118
03-Jun-2026 10:39:53.447 INFO [main] org.apache.catalina.startup.VersionLoggerListener.log Command line argument: -Djava.io.tmpdir=D:\evan\yen\hardening_tomcat9\apache-tomcat-9.0.118\temp
03-Jun-2026 10:39:53.452 INFO [main] org.apache.catalina.core.AprLifecycleListener.lifecycleEvent Loaded Apache Tomcat Native library [1.3.7] using APR version [1.7.6].
03-Jun-2026 10:39:53.452 INFO [main] org.apache.catalina.core.AprLifecycleListener.lifecycleEvent APR capabilities: IPv6 [true], sendfile [true], accept filters [false], random [true], UDS [true].
03-Jun-2026 10:39:53.452 INFO [main] org.apache.catalina.core.AprLifecycleListener.lifecycleEvent APR/OpenSSL configuration: useAprConnector [false], useOpenSSL [true]
03-Jun-2026 10:39:53.452 INFO [main] org.apache.catalina.core.AprLifecycleListener.initializeSSL OpenSSL successfully initialized [OpenSSL 3.0.19 27 Jan 2026]
03-Jun-2026 10:39:53.716 INFO [main] org.apache.coyote.AbstractProtocol.init Initializing ProtocolHandler ["http-nio-8080"]
03-Jun-2026 10:39:53.732 INFO [main] org.apache.catalina.startup.Catalina.load Server initialization in [470] milliseconds
03-Jun-2026 10:39:53.763 INFO [main] org.apache.catalina.core.StandardService.startInternal Starting service [Catalina]
03-Jun-2026 10:39:53.763 INFO [main] org.apache.catalina.core.StandardEngine.startInternal Starting Servlet engine: [Apache Tomcat/9.0.118]
03-Jun-2026 10:39:53.779 INFO [main] org.apache.catalina.startup.HostConfig.deployDirectory Deploying web application directory [D:\evan\yen\hardening_tomcat9\apache-tomcat-9.0.118\webapps\docs]
03-Jun-2026 10:39:54.128 WARNING [main] org.apache.catalina.util.SessionIdGeneratorBase.createSecureRandom Creation of SecureRandom instance for session ID generation using [SHA1PRNG] took [152] milliseconds.
03-Jun-2026 10:39:54.144 INFO [main] org.apache.catalina.startup.HostConfig.deployDirectory Deployment of web application directory [D:\evan\yen\hardening_tomcat9\apache-tomcat-9.0.118\webapps\docs] has finished in [365] ms
03-Jun-2026 10:39:54.144 INFO [main] org.apache.catalina.startup.HostConfig.deployDirectory Deploying web application directory [D:\evan\yen\hardening_tomcat9\apache-tomcat-9.0.118\webapps\examples]
03-Jun-2026 10:39:54.495 INFO [main] org.apache.catalina.startup.HostConfig.deployDirectory Deployment of web application directory [D:\evan\yen\hardening_tomcat9\apache-tomcat-9.0.118\webapps\examples] has finished in [351] ms
03-Jun-2026 10:39:54.495 INFO [main] org.apache.catalina.startup.HostConfig.deployDirectory Deploying web application directory [D:\evan\yen\hardening_tomcat9\apache-tomcat-9.0.118\webapps\host-manager]
03-Jun-2026 10:39:54.524 INFO [main] org.apache.catalina.startup.HostConfig.deployDirectory Deployment of web application directory [D:\evan\yen\hardening_tomcat9\apache-tomcat-9.0.118\webapps\host-manager] has finished in [29] ms
03-Jun-2026 10:39:54.524 INFO [main] org.apache.catalina.startup.HostConfig.deployDirectory Deploying web application directory [D:\evan\yen\hardening_tomcat9\apache-tomcat-9.0.118\webapps\manager]
03-Jun-2026 10:39:54.549 INFO [main] org.apache.catalina.startup.HostConfig.deployDirectory Deployment of web application directory [D:\evan\yen\hardening_tomcat9\apache-tomcat-9.0.118\webapps\manager] has finished in [25] ms
03-Jun-2026 10:39:54.549 INFO [main] org.apache.catalina.startup.HostConfig.deployDirectory Deploying web application directory [D:\evan\yen\hardening_tomcat9\apache-tomcat-9.0.118\webapps\ROOT]
03-Jun-2026 10:39:54.572 INFO [main] org.apache.catalina.startup.HostConfig.deployDirectory Deployment of web application directory [D:\evan\yen\hardening_tomcat9\apache-tomcat-9.0.118\webapps\ROOT] has finished in [23] ms
03-Jun-2026 10:39:54.572 INFO [main] org.apache.coyote.AbstractProtocol.start Starting ProtocolHandler ["http-nio-8080"]
03-Jun-2026 10:39:54.600 INFO [main] org.apache.catalina.startup.Catalina.start Server startup in [856] milliseconds
03-Jun-2026 10:42:51.513 INFO [Thread-2] org.apache.coyote.AbstractProtocol.pause Pausing ProtocolHandler ["http-nio-8080"]
03-Jun-2026 10:42:51.794 INFO [Thread-2] org.apache.catalina.core.StandardService.stopInternal Stopping service [Catalina]
03-Jun-2026 10:42:51.813 INFO [Thread-2] org.apache.coyote.AbstractProtocol.stop Stopping ProtocolHandler ["http-nio-8080"]
03-Jun-2026 10:42:51.833 INFO [Thread-2] org.apache.coyote.AbstractProtocol.destroy Destroying ProtocolHandler ["http-nio-8080"]
03-Jun-2026 10:45:46.359 INFO [main] org.apache.catalina.startup.VersionLoggerListener.log Server version name:   Apache Tomcat/9.0.118
03-Jun-2026 10:45:46.360 INFO [main] org.apache.catalina.startup.VersionLoggerListener.log Server built:          May 1 2026 19:30:30 UTC
03-Jun-2026 10:45:46.360 INFO [main] org.apache.catalina.startup.VersionLoggerListener.log Server version number: 9.0.118.0
03-Jun-2026 10:45:46.360 INFO [main] org.apache.catalina.startup.VersionLoggerListener.log OS Name:               Windows 10
03-Jun-2026 10:45:46.360 INFO [main] org.apache.catalina.startup.VersionLoggerListener.log OS Version:            10.0
03-Jun-2026 10:45:46.360 INFO [main] org.apache.catalina.startup.VersionLoggerListener.log Architecture:          amd64
03-Jun-2026 10:45:46.360 INFO [main] org.apache.catalina.startup.VersionLoggerListener.log Java Home:             C:\Program Files\Java\jdk1.8.0_202\jre
03-Jun-2026 10:45:46.360 INFO [main] org.apache.catalina.startup.VersionLoggerListener.log JVM Version:           1.8.0_202-b08
03-Jun-2026 10:45:46.360 INFO [main] org.apache.catalina.startup.VersionLoggerListener.log JVM Vendor:            Oracle Corporation
03-Jun-2026 10:45:46.360 INFO [main] org.apache.catalina.startup.VersionLoggerListener.log CATALINA_BASE:         D:\evan\yen\hardening_tomcat9\apache-tomcat-9.0.118
03-Jun-2026 10:45:46.360 INFO [main] org.apache.catalina.startup.VersionLoggerListener.log CATALINA_HOME:         D:\evan\yen\hardening_tomcat9\apache-tomcat-9.0.118
03-Jun-2026 10:45:46.360 INFO [main] org.apache.catalina.startup.VersionLoggerListener.log Command line argument: -Djava.util.logging.config.file=D:\evan\yen\hardening_tomcat9\apache-tomcat-9.0.118\conf\logging.properties
03-Jun-2026 10:45:46.360 INFO [main] org.apache.catalina.startup.VersionLoggerListener.log Command line argument: -Djava.util.logging.manager=org.apache.juli.ClassLoaderLogManager
03-Jun-2026 10:45:46.360 INFO [main] org.apache.catalina.startup.VersionLoggerListener.log Command line argument: -Djdk.tls.ephemeralDHKeySize=2048
03-Jun-2026 10:45:46.360 INFO [main] org.apache.catalina.startup.VersionLoggerListener.log Command line argument: -Djava.protocol.handler.pkgs=org.apache.catalina.webresources
03-Jun-2026 10:45:46.360 INFO [main] org.apache.catalina.startup.VersionLoggerListener.log Command line argument: -Dsun.io.useCanonCaches=false
03-Jun-2026 10:45:46.360 INFO [main] org.apache.catalina.startup.VersionLoggerListener.log Command line argument: -Dignore.endorsed.dirs=
03-Jun-2026 10:45:46.360 INFO [main] org.apache.catalina.startup.VersionLoggerListener.log Command line argument: -Dcatalina.base=D:\evan\yen\hardening_tomcat9\apache-tomcat-9.0.118
03-Jun-2026 10:45:46.360 INFO [main] org.apache.catalina.startup.VersionLoggerListener.log Command line argument: -Dcatalina.home=D:\evan\yen\hardening_tomcat9\apache-tomcat-9.0.118
03-Jun-2026 10:45:46.360 INFO [main] org.apache.catalina.startup.VersionLoggerListener.log Command line argument: -Djava.io.tmpdir=D:\evan\yen\hardening_tomcat9\apache-tomcat-9.0.118\temp
03-Jun-2026 10:45:46.360 INFO [main] org.apache.catalina.core.AprLifecycleListener.lifecycleEvent Loaded Apache Tomcat Native library [1.3.7] using APR version [1.7.6].
03-Jun-2026 10:45:46.360 INFO [main] org.apache.catalina.core.AprLifecycleListener.lifecycleEvent APR capabilities: IPv6 [true], sendfile [true], accept filters [false], random [true], UDS [true].
03-Jun-2026 10:45:46.360 INFO [main] org.apache.catalina.core.AprLifecycleListener.lifecycleEvent APR/OpenSSL configuration: useAprConnector [false], useOpenSSL [true]
03-Jun-2026 10:45:46.377 INFO [main] org.apache.catalina.core.AprLifecycleListener.initializeSSL OpenSSL successfully initialized [OpenSSL 3.0.19 27 Jan 2026]
03-Jun-2026 10:45:46.655 INFO [main] org.apache.coyote.AbstractProtocol.init Initializing ProtocolHandler ["http-nio-8080"]
03-Jun-2026 10:45:46.671 INFO [main] org.apache.coyote.AbstractProtocol.init Initializing ProtocolHandler ["ajp-nio-0:0:0:0:0:0:0:1-8009"]
03-Jun-2026 10:45:46.671 INFO [main] org.apache.catalina.startup.Catalina.load Server initialization in [483] milliseconds
03-Jun-2026 10:45:46.703 INFO [main] org.apache.catalina.core.StandardService.startInternal Starting service [Catalina]
03-Jun-2026 10:45:46.703 INFO [main] org.apache.catalina.core.StandardEngine.startInternal Starting Servlet engine: [Apache Tomcat/9.0.118]
03-Jun-2026 10:45:46.719 INFO [main] org.apache.catalina.startup.HostConfig.deployDirectory Deploying web application directory [D:\evan\yen\hardening_tomcat9\apache-tomcat-9.0.118\webapps\docs]
03-Jun-2026 10:45:47.054 WARNING [main] org.apache.catalina.util.SessionIdGeneratorBase.createSecureRandom Creation of SecureRandom instance for session ID generation using [SHA1PRNG] took [145] milliseconds.
03-Jun-2026 10:45:47.086 INFO [main] org.apache.catalina.startup.HostConfig.deployDirectory Deployment of web application directory [D:\evan\yen\hardening_tomcat9\apache-tomcat-9.0.118\webapps\docs] has finished in [367] ms
03-Jun-2026 10:45:47.086 INFO [main] org.apache.catalina.startup.HostConfig.deployDirectory Deploying web application directory [D:\evan\yen\hardening_tomcat9\apache-tomcat-9.0.118\webapps\examples]
03-Jun-2026 10:45:47.420 INFO [main] org.apache.catalina.startup.HostConfig.deployDirectory Deployment of web application directory [D:\evan\yen\hardening_tomcat9\apache-tomcat-9.0.118\webapps\examples] has finished in [334] ms
03-Jun-2026 10:45:47.420 INFO [main] org.apache.catalina.startup.HostConfig.deployDirectory Deploying web application directory [D:\evan\yen\hardening_tomcat9\apache-tomcat-9.0.118\webapps\host-manager]
03-Jun-2026 10:45:47.443 INFO [main] org.apache.catalina.startup.HostConfig.deployDirectory Deployment of web application directory [D:\evan\yen\hardening_tomcat9\apache-tomcat-9.0.118\webapps\host-manager] has finished in [23] ms
03-Jun-2026 10:45:47.443 INFO [main] org.apache.catalina.startup.HostConfig.deployDirectory Deploying web application directory [D:\evan\yen\hardening_tomcat9\apache-tomcat-9.0.118\webapps\manager]
03-Jun-2026 10:45:47.480 INFO [main] org.apache.catalina.startup.HostConfig.deployDirectory Deployment of web application directory [D:\evan\yen\hardening_tomcat9\apache-tomcat-9.0.118\webapps\manager] has finished in [37] ms
03-Jun-2026 10:45:47.480 INFO [main] org.apache.catalina.startup.HostConfig.deployDirectory Deploying web application directory [D:\evan\yen\hardening_tomcat9\apache-tomcat-9.0.118\webapps\ROOT]
03-Jun-2026 10:45:47.509 INFO [main] org.apache.catalina.startup.HostConfig.deployDirectory Deployment of web application directory [D:\evan\yen\hardening_tomcat9\apache-tomcat-9.0.118\webapps\ROOT] has finished in [29] ms
03-Jun-2026 10:45:47.509 INFO [main] org.apache.coyote.AbstractProtocol.start Starting ProtocolHandler ["http-nio-8080"]
03-Jun-2026 10:45:47.523 SEVERE [main] org.apache.catalina.util.LifecycleBase.handleSubClassException Failed to start component [Connector["ajp-nio-0:0:0:0:0:0:0:1-8009"]]
	org.apache.catalina.LifecycleException: Protocol handler start failed
		at org.apache.catalina.connector.Connector.startInternal(Connector.java:1115)
		at org.apache.catalina.util.LifecycleBase.start(LifecycleBase.java:164)
		at org.apache.catalina.core.StandardService.startInternal(StandardService.java:423)
		at org.apache.catalina.util.LifecycleBase.start(LifecycleBase.java:164)
		at org.apache.catalina.core.StandardServer.startInternal(StandardServer.java:872)
		at org.apache.catalina.util.LifecycleBase.start(LifecycleBase.java:164)
		at org.apache.catalina.startup.Catalina.start(Catalina.java:736)
		at sun.reflect.NativeMethodAccessorImpl.invoke0(Native Method)
		at sun.reflect.NativeMethodAccessorImpl.invoke(NativeMethodAccessorImpl.java:62)
		at sun.reflect.DelegatingMethodAccessorImpl.invoke(DelegatingMethodAccessorImpl.java:43)
		at java.lang.reflect.Method.invoke(Method.java:498)
		at org.apache.catalina.startup.Bootstrap.start(Bootstrap.java:342)
		at org.apache.catalina.startup.Bootstrap.main(Bootstrap.java:473)
	Caused by: java.lang.IllegalArgumentException: The AJP Connector is configured with secretRequired="true" but the secret attribute is either null or "". This combination is not valid.
		at org.apache.coyote.ajp.AbstractAjpProtocol.start(AbstractAjpProtocol.java:388)
		at org.apache.catalina.connector.Connector.startInternal(Connector.java:1112)
		... 12 more
03-Jun-2026 10:45:47.523 INFO [main] org.apache.catalina.startup.Catalina.start Server startup in [855] milliseconds
03-Jun-2026 10:45:57.714 INFO [Thread-2] org.apache.coyote.AbstractProtocol.pause Pausing ProtocolHandler ["http-nio-8080"]
03-Jun-2026 10:45:57.985 INFO [Thread-2] org.apache.coyote.AbstractProtocol.pause Pausing ProtocolHandler ["ajp-nio-0:0:0:0:0:0:0:1-8009"]
03-Jun-2026 10:45:57.985 INFO [Thread-2] org.apache.catalina.core.StandardService.stopInternal Stopping service [Catalina]
03-Jun-2026 10:45:57.998 INFO [Thread-2] org.apache.coyote.AbstractProtocol.stop Stopping ProtocolHandler ["http-nio-8080"]
03-Jun-2026 10:45:58.014 INFO [Thread-2] org.apache.coyote.AbstractProtocol.destroy Destroying ProtocolHandler ["http-nio-8080"]
03-Jun-2026 10:45:58.014 INFO [Thread-2] org.apache.coyote.AbstractProtocol.stop Stopping ProtocolHandler ["ajp-nio-0:0:0:0:0:0:0:1-8009"]
03-Jun-2026 10:45:58.014 INFO [Thread-2] org.apache.coyote.AbstractProtocol.destroy Destroying ProtocolHandler ["ajp-nio-0:0:0:0:0:0:0:1-8009"]
03-Jun-2026 10:46:08.444 SEVERE [main] org.apache.catalina.startup.Catalina.stopServer Could not contact [localhost:8005] (base port [8005] and offset [0]). Tomcat may not be running.
03-Jun-2026 10:46:08.444 SEVERE [main] org.apache.catalina.startup.Catalina.stopServer Error stopping Catalina
	java.net.ConnectException: Connection refused: connect
		at java.net.DualStackPlainSocketImpl.connect0(Native Method)
		at java.net.DualStackPlainSocketImpl.socketConnect(DualStackPlainSocketImpl.java:79)
		at java.net.AbstractPlainSocketImpl.doConnect(AbstractPlainSocketImpl.java:350)
		at java.net.AbstractPlainSocketImpl.connectToAddress(AbstractPlainSocketImpl.java:206)
		at java.net.AbstractPlainSocketImpl.connect(AbstractPlainSocketImpl.java:188)
		at java.net.PlainSocketImpl.connect(PlainSocketImpl.java:172)
		at java.net.SocksSocketImpl.connect(SocksSocketImpl.java:392)
		at java.net.Socket.connect(Socket.java:589)
		at java.net.Socket.connect(Socket.java:538)
		at java.net.Socket.<init>(Socket.java:434)
		at java.net.Socket.<init>(Socket.java:211)
		at org.apache.catalina.startup.Catalina.stopServer(Catalina.java:630)
		at sun.reflect.NativeMethodAccessorImpl.invoke0(Native Method)
		at sun.reflect.NativeMethodAccessorImpl.invoke(NativeMethodAccessorImpl.java:62)
		at sun.reflect.DelegatingMethodAccessorImpl.invoke(DelegatingMethodAccessorImpl.java:43)
		at java.lang.reflect.Method.invoke(Method.java:498)
		at org.apache.catalina.startup.Bootstrap.stopServer(Bootstrap.java:390)
		at org.apache.catalina.startup.Bootstrap.main(Bootstrap.java:479)
03-Jun-2026 10:46:14.222 INFO [main] org.apache.catalina.startup.VersionLoggerListener.log Server version name:   Apache Tomcat/9.0.118
03-Jun-2026 10:46:14.222 INFO [main] org.apache.catalina.startup.VersionLoggerListener.log Server built:          May 1 2026 19:30:30 UTC
03-Jun-2026 10:46:14.222 INFO [main] org.apache.catalina.startup.VersionLoggerListener.log Server version number: 9.0.118.0
03-Jun-2026 10:46:14.222 INFO [main] org.apache.catalina.startup.VersionLoggerListener.log OS Name:               Windows 10
03-Jun-2026 10:46:14.222 INFO [main] org.apache.catalina.startup.VersionLoggerListener.log OS Version:            10.0
03-Jun-2026 10:46:14.222 INFO [main] org.apache.catalina.startup.VersionLoggerListener.log Architecture:          amd64
03-Jun-2026 10:46:14.222 INFO [main] org.apache.catalina.startup.VersionLoggerListener.log Java Home:             C:\Program Files\Java\jdk1.8.0_202\jre
03-Jun-2026 10:46:14.222 INFO [main] org.apache.catalina.startup.VersionLoggerListener.log JVM Version:           1.8.0_202-b08
03-Jun-2026 10:46:14.222 INFO [main] org.apache.catalina.startup.VersionLoggerListener.log JVM Vendor:            Oracle Corporation
03-Jun-2026 10:46:14.222 INFO [main] org.apache.catalina.startup.VersionLoggerListener.log CATALINA_BASE:         D:\evan\yen\hardening_tomcat9\apache-tomcat-9.0.118
03-Jun-2026 10:46:14.222 INFO [main] org.apache.catalina.startup.VersionLoggerListener.log CATALINA_HOME:         D:\evan\yen\hardening_tomcat9\apache-tomcat-9.0.118
03-Jun-2026 10:46:14.222 INFO [main] org.apache.catalina.startup.VersionLoggerListener.log Command line argument: -Djava.util.logging.config.file=D:\evan\yen\hardening_tomcat9\apache-tomcat-9.0.118\conf\logging.properties
03-Jun-2026 10:46:14.222 INFO [main] org.apache.catalina.startup.VersionLoggerListener.log Command line argument: -Djava.util.logging.manager=org.apache.juli.ClassLoaderLogManager
03-Jun-2026 10:46:14.222 INFO [main] org.apache.catalina.startup.VersionLoggerListener.log Command line argument: -Djdk.tls.ephemeralDHKeySize=2048
03-Jun-2026 10:46:14.222 INFO [main] org.apache.catalina.startup.VersionLoggerListener.log Command line argument: -Djava.protocol.handler.pkgs=org.apache.catalina.webresources
03-Jun-2026 10:46:14.222 INFO [main] org.apache.catalina.startup.VersionLoggerListener.log Command line argument: -Dsun.io.useCanonCaches=false
03-Jun-2026 10:46:14.222 INFO [main] org.apache.catalina.startup.VersionLoggerListener.log Command line argument: -Dignore.endorsed.dirs=
03-Jun-2026 10:46:14.222 INFO [main] org.apache.catalina.startup.VersionLoggerListener.log Command line argument: -Dcatalina.base=D:\evan\yen\hardening_tomcat9\apache-tomcat-9.0.118
03-Jun-2026 10:46:14.222 INFO [main] org.apache.catalina.startup.VersionLoggerListener.log Command line argument: -Dcatalina.home=D:\evan\yen\hardening_tomcat9\apache-tomcat-9.0.118
03-Jun-2026 10:46:14.222 INFO [main] org.apache.catalina.startup.VersionLoggerListener.log Command line argument: -Djava.io.tmpdir=D:\evan\yen\hardening_tomcat9\apache-tomcat-9.0.118\temp
03-Jun-2026 10:46:14.238 INFO [main] org.apache.catalina.core.AprLifecycleListener.lifecycleEvent Loaded Apache Tomcat Native library [1.3.7] using APR version [1.7.6].
03-Jun-2026 10:46:14.238 INFO [main] org.apache.catalina.core.AprLifecycleListener.lifecycleEvent APR capabilities: IPv6 [true], sendfile [true], accept filters [false], random [true], UDS [true].
03-Jun-2026 10:46:14.238 INFO [main] org.apache.catalina.core.AprLifecycleListener.lifecycleEvent APR/OpenSSL configuration: useAprConnector [false], useOpenSSL [true]
03-Jun-2026 10:46:14.238 INFO [main] org.apache.catalina.core.AprLifecycleListener.initializeSSL OpenSSL successfully initialized [OpenSSL 3.0.19 27 Jan 2026]
03-Jun-2026 10:46:14.520 INFO [main] org.apache.coyote.AbstractProtocol.init Initializing ProtocolHandler ["http-nio-8080"]
03-Jun-2026 10:46:14.540 INFO [main] org.apache.coyote.AbstractProtocol.init Initializing ProtocolHandler ["ajp-nio-0:0:0:0:0:0:0:1-8009"]
03-Jun-2026 10:46:14.540 INFO [main] org.apache.catalina.startup.Catalina.load Server initialization in [480] milliseconds
03-Jun-2026 10:46:14.577 INFO [main] org.apache.catalina.core.StandardService.startInternal Starting service [Catalina]
03-Jun-2026 10:46:14.577 INFO [main] org.apache.catalina.core.StandardEngine.startInternal Starting Servlet engine: [Apache Tomcat/9.0.118]
03-Jun-2026 10:46:14.584 INFO [main] org.apache.catalina.startup.HostConfig.deployDirectory Deploying web application directory [D:\evan\yen\hardening_tomcat9\apache-tomcat-9.0.118\webapps\docs]
03-Jun-2026 10:46:14.932 WARNING [main] org.apache.catalina.util.SessionIdGeneratorBase.createSecureRandom Creation of SecureRandom instance for session ID generation using [SHA1PRNG] took [158] milliseconds.
03-Jun-2026 10:46:14.948 INFO [main] org.apache.catalina.startup.HostConfig.deployDirectory Deployment of web application directory [D:\evan\yen\hardening_tomcat9\apache-tomcat-9.0.118\webapps\docs] has finished in [364] ms
03-Jun-2026 10:46:14.948 INFO [main] org.apache.catalina.startup.HostConfig.deployDirectory Deploying web application directory [D:\evan\yen\hardening_tomcat9\apache-tomcat-9.0.118\webapps\examples]
03-Jun-2026 10:46:15.286 INFO [main] org.apache.catalina.startup.HostConfig.deployDirectory Deployment of web application directory [D:\evan\yen\hardening_tomcat9\apache-tomcat-9.0.118\webapps\examples] has finished in [338] ms
03-Jun-2026 10:46:15.286 INFO [main] org.apache.catalina.startup.HostConfig.deployDirectory Deploying web application directory [D:\evan\yen\hardening_tomcat9\apache-tomcat-9.0.118\webapps\host-manager]
03-Jun-2026 10:46:15.321 INFO [main] org.apache.catalina.startup.HostConfig.deployDirectory Deployment of web application directory [D:\evan\yen\hardening_tomcat9\apache-tomcat-9.0.118\webapps\host-manager] has finished in [35] ms
03-Jun-2026 10:46:15.321 INFO [main] org.apache.catalina.startup.HostConfig.deployDirectory Deploying web application directory [D:\evan\yen\hardening_tomcat9\apache-tomcat-9.0.118\webapps\manager]
03-Jun-2026 10:46:15.355 INFO [main] org.apache.catalina.startup.HostConfig.deployDirectory Deployment of web application directory [D:\evan\yen\hardening_tomcat9\apache-tomcat-9.0.118\webapps\manager] has finished in [34] ms
03-Jun-2026 10:46:15.355 INFO [main] org.apache.catalina.startup.HostConfig.deployDirectory Deploying web application directory [D:\evan\yen\hardening_tomcat9\apache-tomcat-9.0.118\webapps\ROOT]
03-Jun-2026 10:46:15.391 INFO [main] org.apache.catalina.startup.HostConfig.deployDirectory Deployment of web application directory [D:\evan\yen\hardening_tomcat9\apache-tomcat-9.0.118\webapps\ROOT] has finished in [32] ms
03-Jun-2026 10:46:15.391 INFO [main] org.apache.coyote.AbstractProtocol.start Starting ProtocolHandler ["http-nio-8080"]
03-Jun-2026 10:46:15.403 SEVERE [main] org.apache.catalina.util.LifecycleBase.handleSubClassException Failed to start component [Connector["ajp-nio-0:0:0:0:0:0:0:1-8009"]]
	org.apache.catalina.LifecycleException: Protocol handler start failed
		at org.apache.catalina.connector.Connector.startInternal(Connector.java:1115)
		at org.apache.catalina.util.LifecycleBase.start(LifecycleBase.java:164)
		at org.apache.catalina.core.StandardService.startInternal(StandardService.java:423)
		at org.apache.catalina.util.LifecycleBase.start(LifecycleBase.java:164)
		at org.apache.catalina.core.StandardServer.startInternal(StandardServer.java:872)
		at org.apache.catalina.util.LifecycleBase.start(LifecycleBase.java:164)
		at org.apache.catalina.startup.Catalina.start(Catalina.java:736)
		at sun.reflect.NativeMethodAccessorImpl.invoke0(Native Method)
		at sun.reflect.NativeMethodAccessorImpl.invoke(NativeMethodAccessorImpl.java:62)
		at sun.reflect.DelegatingMethodAccessorImpl.invoke(DelegatingMethodAccessorImpl.java:43)
		at java.lang.reflect.Method.invoke(Method.java:498)
		at org.apache.catalina.startup.Bootstrap.start(Bootstrap.java:342)
		at org.apache.catalina.startup.Bootstrap.main(Bootstrap.java:473)
	Caused by: java.lang.IllegalArgumentException: The AJP Connector is configured with secretRequired="true" but the secret attribute is either null or "". This combination is not valid.
		at org.apache.coyote.ajp.AbstractAjpProtocol.start(AbstractAjpProtocol.java:388)
		at org.apache.catalina.connector.Connector.startInternal(Connector.java:1112)
		... 12 more
03-Jun-2026 10:46:15.403 INFO [main] org.apache.catalina.startup.Catalina.start Server startup in [869] milliseconds
03-Jun-2026 10:46:38.086 INFO [Thread-2] org.apache.coyote.AbstractProtocol.pause Pausing ProtocolHandler ["http-nio-8080"]
03-Jun-2026 10:46:38.371 INFO [Thread-2] org.apache.coyote.AbstractProtocol.pause Pausing ProtocolHandler ["ajp-nio-0:0:0:0:0:0:0:1-8009"]
03-Jun-2026 10:46:38.371 INFO [Thread-2] org.apache.catalina.core.StandardService.stopInternal Stopping service [Catalina]
03-Jun-2026 10:46:38.388 INFO [Thread-2] org.apache.coyote.AbstractProtocol.stop Stopping ProtocolHandler ["http-nio-8080"]
03-Jun-2026 10:46:38.398 INFO [Thread-2] org.apache.coyote.AbstractProtocol.destroy Destroying ProtocolHandler ["http-nio-8080"]
03-Jun-2026 10:46:38.398 INFO [Thread-2] org.apache.coyote.AbstractProtocol.stop Stopping ProtocolHandler ["ajp-nio-0:0:0:0:0:0:0:1-8009"]
03-Jun-2026 10:46:38.398 INFO [Thread-2] org.apache.coyote.AbstractProtocol.destroy Destroying ProtocolHandler ["ajp-nio-0:0:0:0:0:0:0:1-8009"]
03-Jun-2026 10:48:24.903 INFO [main] org.apache.catalina.startup.VersionLoggerListener.log Server version name:   Apache Tomcat/9.0.118
03-Jun-2026 10:48:24.903 INFO [main] org.apache.catalina.startup.VersionLoggerListener.log Server built:          May 1 2026 19:30:30 UTC
03-Jun-2026 10:48:24.917 INFO [main] org.apache.catalina.startup.VersionLoggerListener.log Server version number: 9.0.118.0
03-Jun-2026 10:48:24.917 INFO [main] org.apache.catalina.startup.VersionLoggerListener.log OS Name:               Windows 10
03-Jun-2026 10:48:24.917 INFO [main] org.apache.catalina.startup.VersionLoggerListener.log OS Version:            10.0
03-Jun-2026 10:48:24.917 INFO [main] org.apache.catalina.startup.VersionLoggerListener.log Architecture:          amd64
03-Jun-2026 10:48:24.917 INFO [main] org.apache.catalina.startup.VersionLoggerListener.log Java Home:             C:\Program Files\Java\jdk1.8.0_202\jre
03-Jun-2026 10:48:24.917 INFO [main] org.apache.catalina.startup.VersionLoggerListener.log JVM Version:           1.8.0_202-b08
03-Jun-2026 10:48:24.917 INFO [main] org.apache.catalina.startup.VersionLoggerListener.log JVM Vendor:            Oracle Corporation
03-Jun-2026 10:48:24.917 INFO [main] org.apache.catalina.startup.VersionLoggerListener.log CATALINA_BASE:         D:\evan\yen\hardening_tomcat9\apache-tomcat-9.0.118
03-Jun-2026 10:48:24.917 INFO [main] org.apache.catalina.startup.VersionLoggerListener.log CATALINA_HOME:         D:\evan\yen\hardening_tomcat9\apache-tomcat-9.0.118
03-Jun-2026 10:48:24.917 INFO [main] org.apache.catalina.startup.VersionLoggerListener.log Command line argument: -Djava.util.logging.config.file=D:\evan\yen\hardening_tomcat9\apache-tomcat-9.0.118\conf\logging.properties
03-Jun-2026 10:48:24.917 INFO [main] org.apache.catalina.startup.VersionLoggerListener.log Command line argument: -Djava.util.logging.manager=org.apache.juli.ClassLoaderLogManager
03-Jun-2026 10:48:24.917 INFO [main] org.apache.catalina.startup.VersionLoggerListener.log Command line argument: -Djdk.tls.ephemeralDHKeySize=2048
03-Jun-2026 10:48:24.917 INFO [main] org.apache.catalina.startup.VersionLoggerListener.log Command line argument: -Djava.protocol.handler.pkgs=org.apache.catalina.webresources
03-Jun-2026 10:48:24.917 INFO [main] org.apache.catalina.startup.VersionLoggerListener.log Command line argument: -Dsun.io.useCanonCaches=false
03-Jun-2026 10:48:24.917 INFO [main] org.apache.catalina.startup.VersionLoggerListener.log Command line argument: -Dignore.endorsed.dirs=
03-Jun-2026 10:48:24.917 INFO [main] org.apache.catalina.startup.VersionLoggerListener.log Command line argument: -Dcatalina.base=D:\evan\yen\hardening_tomcat9\apache-tomcat-9.0.118
03-Jun-2026 10:48:24.917 INFO [main] org.apache.catalina.startup.VersionLoggerListener.log Command line argument: -Dcatalina.home=D:\evan\yen\hardening_tomcat9\apache-tomcat-9.0.118
03-Jun-2026 10:48:24.917 INFO [main] org.apache.catalina.startup.VersionLoggerListener.log Command line argument: -Djava.io.tmpdir=D:\evan\yen\hardening_tomcat9\apache-tomcat-9.0.118\temp
03-Jun-2026 10:48:24.917 INFO [main] org.apache.catalina.core.AprLifecycleListener.lifecycleEvent Loaded Apache Tomcat Native library [1.3.7] using APR version [1.7.6].
03-Jun-2026 10:48:24.917 INFO [main] org.apache.catalina.core.AprLifecycleListener.lifecycleEvent APR capabilities: IPv6 [true], sendfile [true], accept filters [false], random [true], UDS [true].
03-Jun-2026 10:48:24.917 INFO [main] org.apache.catalina.core.AprLifecycleListener.lifecycleEvent APR/OpenSSL configuration: useAprConnector [false], useOpenSSL [true]
03-Jun-2026 10:48:24.917 INFO [main] org.apache.catalina.core.AprLifecycleListener.initializeSSL OpenSSL successfully initialized [OpenSSL 3.0.19 27 Jan 2026]
03-Jun-2026 10:48:25.204 INFO [main] org.apache.coyote.AbstractProtocol.init Initializing ProtocolHandler ["http-nio-8080"]
03-Jun-2026 10:48:25.220 INFO [main] org.apache.catalina.startup.Catalina.load Server initialization in [485] milliseconds
03-Jun-2026 10:48:25.268 INFO [main] org.apache.catalina.core.StandardService.startInternal Starting service [Catalina]
03-Jun-2026 10:48:25.268 INFO [main] org.apache.catalina.core.StandardEngine.startInternal Starting Servlet engine: [Apache Tomcat/9.0.118]
03-Jun-2026 10:48:25.284 INFO [main] org.apache.catalina.startup.HostConfig.deployDirectory Deploying web application directory [D:\evan\yen\hardening_tomcat9\apache-tomcat-9.0.118\webapps\docs]
03-Jun-2026 10:48:25.647 WARNING [main] org.apache.catalina.util.SessionIdGeneratorBase.createSecureRandom Creation of SecureRandom instance for session ID generation using [SHA1PRNG] took [173] milliseconds.
03-Jun-2026 10:48:25.664 INFO [main] org.apache.catalina.startup.HostConfig.deployDirectory Deployment of web application directory [D:\evan\yen\hardening_tomcat9\apache-tomcat-9.0.118\webapps\docs] has finished in [380] ms
03-Jun-2026 10:48:25.664 INFO [main] org.apache.catalina.startup.HostConfig.deployDirectory Deploying web application directory [D:\evan\yen\hardening_tomcat9\apache-tomcat-9.0.118\webapps\examples]
03-Jun-2026 10:48:26.019 INFO [main] org.apache.catalina.startup.HostConfig.deployDirectory Deployment of web application directory [D:\evan\yen\hardening_tomcat9\apache-tomcat-9.0.118\webapps\examples] has finished in [355] ms
03-Jun-2026 10:48:26.019 INFO [main] org.apache.catalina.startup.HostConfig.deployDirectory Deploying web application directory [D:\evan\yen\hardening_tomcat9\apache-tomcat-9.0.118\webapps\host-manager]
03-Jun-2026 10:48:26.061 INFO [main] org.apache.catalina.startup.HostConfig.deployDirectory Deployment of web application directory [D:\evan\yen\hardening_tomcat9\apache-tomcat-9.0.118\webapps\host-manager] has finished in [42] ms
03-Jun-2026 10:48:26.061 INFO [main] org.apache.catalina.startup.HostConfig.deployDirectory Deploying web application directory [D:\evan\yen\hardening_tomcat9\apache-tomcat-9.0.118\webapps\manager]
03-Jun-2026 10:48:26.108 INFO [main] org.apache.catalina.startup.HostConfig.deployDirectory Deployment of web application directory [D:\evan\yen\hardening_tomcat9\apache-tomcat-9.0.118\webapps\manager] has finished in [47] ms
03-Jun-2026 10:48:26.108 INFO [main] org.apache.catalina.startup.HostConfig.deployDirectory Deploying web application directory [D:\evan\yen\hardening_tomcat9\apache-tomcat-9.0.118\webapps\ROOT]
03-Jun-2026 10:48:26.128 INFO [main] org.apache.catalina.startup.HostConfig.deployDirectory Deployment of web application directory [D:\evan\yen\hardening_tomcat9\apache-tomcat-9.0.118\webapps\ROOT] has finished in [20] ms
03-Jun-2026 10:48:26.141 INFO [main] org.apache.coyote.AbstractProtocol.start Starting ProtocolHandler ["http-nio-8080"]
03-Jun-2026 10:48:26.161 INFO [main] org.apache.catalina.startup.Catalina.start Server startup in [925] milliseconds
03-Jun-2026 11:29:39.536 INFO [main] org.apache.catalina.core.StandardServer.await A valid shutdown command was received via the shutdown port. Stopping the Server instance.
03-Jun-2026 11:29:39.545 INFO [main] org.apache.coyote.AbstractProtocol.pause Pausing ProtocolHandler ["http-nio-8080"]
03-Jun-2026 11:29:39.845 INFO [main] org.apache.catalina.core.StandardService.stopInternal Stopping service [Catalina]
03-Jun-2026 11:29:39.865 INFO [main] org.apache.coyote.AbstractProtocol.stop Stopping ProtocolHandler ["http-nio-8080"]
03-Jun-2026 11:29:39.879 INFO [main] org.apache.coyote.AbstractProtocol.destroy Destroying ProtocolHandler ["http-nio-8080"]
03-Jun-2026 11:32:28.627 INFO [main] org.apache.catalina.startup.VersionLoggerListener.log Server version name:   Apache Tomcat/9.0.118
03-Jun-2026 11:32:28.629 INFO [main] org.apache.catalina.startup.VersionLoggerListener.log Server built:          May 1 2026 19:30:30 UTC
03-Jun-2026 11:32:28.629 INFO [main] org.apache.catalina.startup.VersionLoggerListener.log Server version number: 9.0.118.0
03-Jun-2026 11:32:28.629 INFO [main] org.apache.catalina.startup.VersionLoggerListener.log OS Name:               Windows 10
03-Jun-2026 11:32:28.629 INFO [main] org.apache.catalina.startup.VersionLoggerListener.log OS Version:            10.0
03-Jun-2026 11:32:28.629 INFO [main] org.apache.catalina.startup.VersionLoggerListener.log Architecture:          amd64
03-Jun-2026 11:32:28.629 INFO [main] org.apache.catalina.startup.VersionLoggerListener.log Java Home:             C:\Program Files\Java\jdk1.8.0_202\jre
03-Jun-2026 11:32:28.634 INFO [main] org.apache.catalina.startup.VersionLoggerListener.log JVM Version:           1.8.0_202-b08
03-Jun-2026 11:32:28.634 INFO [main] org.apache.catalina.startup.VersionLoggerListener.log JVM Vendor:            Oracle Corporation
03-Jun-2026 11:32:28.634 INFO [main] org.apache.catalina.startup.VersionLoggerListener.log CATALINA_BASE:         D:\evan\yen\hardening_tomcat9\apache-tomcat-9.0.118
03-Jun-2026 11:32:28.634 INFO [main] org.apache.catalina.startup.VersionLoggerListener.log CATALINA_HOME:         D:\evan\yen\hardening_tomcat9\apache-tomcat-9.0.118
03-Jun-2026 11:32:28.634 INFO [main] org.apache.catalina.startup.VersionLoggerListener.log Command line argument: -Djava.util.logging.config.file=D:\evan\yen\hardening_tomcat9\apache-tomcat-9.0.118\conf\logging.properties
03-Jun-2026 11:32:28.634 INFO [main] org.apache.catalina.startup.VersionLoggerListener.log Command line argument: -Djava.util.logging.manager=org.apache.juli.ClassLoaderLogManager
03-Jun-2026 11:32:28.634 INFO [main] org.apache.catalina.startup.VersionLoggerListener.log Command line argument: -Djdk.tls.ephemeralDHKeySize=2048
03-Jun-2026 11:32:28.634 INFO [main] org.apache.catalina.startup.VersionLoggerListener.log Command line argument: -Djava.protocol.handler.pkgs=org.apache.catalina.webresources
03-Jun-2026 11:32:28.634 INFO [main] org.apache.catalina.startup.VersionLoggerListener.log Command line argument: -Dsun.io.useCanonCaches=false
03-Jun-2026 11:32:28.634 INFO [main] org.apache.catalina.startup.VersionLoggerListener.log Command line argument: -Dignore.endorsed.dirs=
03-Jun-2026 11:32:28.634 INFO [main] org.apache.catalina.startup.VersionLoggerListener.log Command line argument: -Dcatalina.base=D:\evan\yen\hardening_tomcat9\apache-tomcat-9.0.118
03-Jun-2026 11:32:28.634 INFO [main] org.apache.catalina.startup.VersionLoggerListener.log Command line argument: -Dcatalina.home=D:\evan\yen\hardening_tomcat9\apache-tomcat-9.0.118
03-Jun-2026 11:32:28.634 INFO [main] org.apache.catalina.startup.VersionLoggerListener.log Command line argument: -Djava.io.tmpdir=D:\evan\yen\hardening_tomcat9\apache-tomcat-9.0.118\temp
03-Jun-2026 11:32:28.634 INFO [main] org.apache.catalina.core.AprLifecycleListener.lifecycleEvent Loaded Apache Tomcat Native library [1.3.7] using APR version [1.7.6].
03-Jun-2026 11:32:28.634 INFO [main] org.apache.catalina.core.AprLifecycleListener.lifecycleEvent APR capabilities: IPv6 [true], sendfile [true], accept filters [false], random [true], UDS [true].
03-Jun-2026 11:32:28.634 INFO [main] org.apache.catalina.core.AprLifecycleListener.lifecycleEvent APR/OpenSSL configuration: useAprConnector [false], useOpenSSL [true]
03-Jun-2026 11:32:28.634 INFO [main] org.apache.catalina.core.AprLifecycleListener.initializeSSL OpenSSL successfully initialized [OpenSSL 3.0.19 27 Jan 2026]
03-Jun-2026 11:32:28.921 INFO [main] org.apache.coyote.AbstractProtocol.init Initializing ProtocolHandler ["http-nio-8080"]
03-Jun-2026 11:32:28.942 INFO [main] org.apache.catalina.startup.Catalina.load Server initialization in [478] milliseconds
03-Jun-2026 11:32:28.970 INFO [main] org.apache.catalina.core.StandardService.startInternal Starting service [Catalina]
03-Jun-2026 11:32:28.970 INFO [main] org.apache.catalina.core.StandardEngine.startInternal Starting Servlet engine: [Apache Tomcat/9.0.118]
03-Jun-2026 11:32:28.981 INFO [main] org.apache.catalina.startup.HostConfig.deployDirectory Deploying web application directory [D:\evan\yen\hardening_tomcat9\apache-tomcat-9.0.118\webapps\docs]
03-Jun-2026 11:32:29.336 WARNING [main] org.apache.catalina.util.SessionIdGeneratorBase.createSecureRandom Creation of SecureRandom instance for session ID generation using [SHA1PRNG] took [162] milliseconds.
03-Jun-2026 11:32:29.357 INFO [main] org.apache.catalina.startup.HostConfig.deployDirectory Deployment of web application directory [D:\evan\yen\hardening_tomcat9\apache-tomcat-9.0.118\webapps\docs] has finished in [376] ms
03-Jun-2026 11:32:29.357 INFO [main] org.apache.catalina.startup.HostConfig.deployDirectory Deploying web application directory [D:\evan\yen\hardening_tomcat9\apache-tomcat-9.0.118\webapps\examples]
03-Jun-2026 11:32:29.725 INFO [main] org.apache.catalina.startup.HostConfig.deployDirectory Deployment of web application directory [D:\evan\yen\hardening_tomcat9\apache-tomcat-9.0.118\webapps\examples] has finished in [368] ms
03-Jun-2026 11:32:29.725 INFO [main] org.apache.catalina.startup.HostConfig.deployDirectory Deploying web application directory [D:\evan\yen\hardening_tomcat9\apache-tomcat-9.0.118\webapps\host-manager]
03-Jun-2026 11:32:29.762 INFO [main] org.apache.catalina.startup.HostConfig.deployDirectory Deployment of web application directory [D:\evan\yen\hardening_tomcat9\apache-tomcat-9.0.118\webapps\host-manager] has finished in [35] ms
03-Jun-2026 11:32:29.762 INFO [main] org.apache.catalina.startup.HostConfig.deployDirectory Deploying web application directory [D:\evan\yen\hardening_tomcat9\apache-tomcat-9.0.118\webapps\manager]
03-Jun-2026 11:32:29.791 INFO [main] org.apache.catalina.startup.HostConfig.deployDirectory Deployment of web application directory [D:\evan\yen\hardening_tomcat9\apache-tomcat-9.0.118\webapps\manager] has finished in [29] ms
03-Jun-2026 11:32:29.791 INFO [main] org.apache.catalina.startup.HostConfig.deployDirectory Deploying web application directory [D:\evan\yen\hardening_tomcat9\apache-tomcat-9.0.118\webapps\ROOT]
03-Jun-2026 11:32:29.816 INFO [main] org.apache.catalina.startup.HostConfig.deployDirectory Deployment of web application directory [D:\evan\yen\hardening_tomcat9\apache-tomcat-9.0.118\webapps\ROOT] has finished in [25] ms
03-Jun-2026 11:32:29.823 INFO [main] org.apache.coyote.AbstractProtocol.start Starting ProtocolHandler ["http-nio-8080"]
03-Jun-2026 11:32:29.834 INFO [main] org.apache.catalina.startup.Catalina.start Server startup in [896] milliseconds
03-Jun-2026 11:36:00.579 INFO [Catalina-utility-2] org.apache.catalina.startup.HostConfig.undeploy Undeploying context [/examples]
03-Jun-2026 11:36:01.109 INFO [Catalina-utility-2] org.apache.catalina.startup.HostConfig.undeploy Undeploying context [/docs]
03-Jun-2026 11:40:31.367 INFO [Catalina-utility-2] org.apache.catalina.startup.HostConfig.reload Reloading context []
03-Jun-2026 11:40:31.367 INFO [Catalina-utility-2] org.apache.catalina.core.StandardContext.reload Reloading Context with name [] has started
03-Jun-2026 11:40:31.401 INFO [Catalina-utility-2] org.apache.catalina.core.StandardContext.reload Reloading Context with name [] is completed
03-Jun-2026 11:40:31.403 INFO [Catalina-utility-2] org.apache.catalina.startup.HostConfig.reload Reloading context [/host-manager]
03-Jun-2026 11:40:31.403 INFO [Catalina-utility-2] org.apache.catalina.core.StandardContext.reload Reloading Context with name [/host-manager] has started
03-Jun-2026 11:40:31.427 INFO [Catalina-utility-2] org.apache.catalina.core.StandardContext.reload Reloading Context with name [/host-manager] is completed
03-Jun-2026 11:40:31.429 INFO [Catalina-utility-2] org.apache.catalina.startup.HostConfig.reload Reloading context [/manager]
03-Jun-2026 11:40:31.429 INFO [Catalina-utility-2] org.apache.catalina.core.StandardContext.reload Reloading Context with name [/manager] has started
03-Jun-2026 11:40:31.446 INFO [Catalina-utility-2] org.apache.catalina.core.StandardContext.reload Reloading Context with name [/manager] is completed
03-Jun-2026 11:46:31.833 INFO [Catalina-utility-2] org.apache.catalina.startup.HostConfig.undeploy Undeploying context []
03-Jun-2026 11:46:31.837 INFO [Catalina-utility-2] org.apache.catalina.startup.HostConfig.undeploy Undeploying context [/host-manager]
03-Jun-2026 11:46:31.843 INFO [Catalina-utility-2] org.apache.catalina.startup.HostConfig.undeploy Undeploying context [/manager]
03-Jun-2026 11:46:31.849 INFO [Catalina-utility-2] org.apache.catalina.startup.HostConfig.deployDirectory Deploying web application directory [D:\evan\yen\hardening_tomcat9\apache-tomcat-9.0.118\webapps\host-manager]
03-Jun-2026 11:46:31.865 INFO [Catalina-utility-2] org.apache.catalina.startup.HostConfig.deployDirectory Deployment of web application directory [D:\evan\yen\hardening_tomcat9\apache-tomcat-9.0.118\webapps\host-manager] has finished in [16] ms
03-Jun-2026 11:46:31.881 INFO [Catalina-utility-2] org.apache.catalina.startup.HostConfig.deployDirectory Deploying web application directory [D:\evan\yen\hardening_tomcat9\apache-tomcat-9.0.118\webapps\manager]
03-Jun-2026 11:46:31.897 INFO [Catalina-utility-2] org.apache.catalina.startup.HostConfig.deployDirectory Deployment of web application directory [D:\evan\yen\hardening_tomcat9\apache-tomcat-9.0.118\webapps\manager] has finished in [16] ms
03-Jun-2026 11:46:31.897 INFO [Catalina-utility-2] org.apache.catalina.startup.HostConfig.deployDirectory Deploying web application directory [D:\evan\yen\hardening_tomcat9\apache-tomcat-9.0.118\webapps\ROOT]
03-Jun-2026 11:46:31.929 INFO [Catalina-utility-2] org.apache.catalina.startup.HostConfig.deployDirectory Deployment of web application directory [D:\evan\yen\hardening_tomcat9\apache-tomcat-9.0.118\webapps\ROOT] has finished in [32] ms
03-Jun-2026 11:53:11.357 INFO [Thread-2] org.apache.coyote.AbstractProtocol.pause Pausing ProtocolHandler ["http-nio-8080"]
03-Jun-2026 11:53:11.627 INFO [Thread-2] org.apache.catalina.core.StandardService.stopInternal Stopping service [Catalina]
03-Jun-2026 11:53:11.644 INFO [Thread-2] org.apache.coyote.AbstractProtocol.stop Stopping ProtocolHandler ["http-nio-8080"]
03-Jun-2026 11:53:11.660 INFO [Thread-2] org.apache.coyote.AbstractProtocol.destroy Destroying ProtocolHandler ["http-nio-8080"]
